"../../../Engine/Plugins/2D/Paper2D/Content/PlaceholderTextures/DummySpriteTexture.ubulk" 0
"../../../Engine/Plugins/2D/Paper2D/Content/PlaceholderTextures/DummySpriteTexture.uasset" 1
"../../../Engine/Plugins/2D/Paper2D/Content/PlaceholderTextures/DummySpriteTexture.uexp" 2
"../../../Engine/Plugins/2D/Paper2D/Content/DummySprite.uasset" 3
"../../../Engine/Plugins/2D/Paper2D/Content/DummySprite.uexp" 4
"../../../Engine/Plugins/2D/Paper2D/Content/DefaultPaperTerrainMaterial.uasset" 5
"../../../Engine/Plugins/2D/Paper2D/Content/DefaultPaperTerrainMaterial.uexp" 6
"../../../Engine/Plugins/Animation/ACLPlugin/Content/ACLAnimBoneCompressionSettings.uasset" 7
"../../../Engine/Plugins/Animation/ACLPlugin/Content/ACLAnimBoneCompressionSettings.uexp" 8
"../../../Engine/Content/EngineFonts/Faces/DroidSansFallback.uexp" 9
"../../../Engine/Content/EngineFonts/Faces/DroidSansFallback.uasset" 10
"../../../Engine/Content/EngineFonts/Faces/DroidSansFallback.ufont" 11
"../../../Engine/Content/EngineFonts/Faces/RobotoBold.uexp" 12
"../../../Engine/Content/EngineFonts/Faces/RobotoBold.uasset" 13
"../../../Engine/Content/EngineFonts/Faces/RobotoBold.ufont" 14
"../../../Engine/Content/EngineFonts/Faces/RobotoBoldItalic.uexp" 15
"../../../Engine/Content/EngineFonts/Faces/RobotoBoldItalic.uasset" 16
"../../../Engine/Content/EngineFonts/Faces/RobotoBoldItalic.ufont" 17
"../../../Engine/Content/EngineFonts/Faces/RobotoItalic.uexp" 18
"../../../Engine/Content/EngineFonts/Faces/RobotoItalic.uasset" 19
"../../../Engine/Content/EngineFonts/Faces/RobotoItalic.ufont" 20
"../../../Engine/Content/EngineFonts/Faces/RobotoLight.uexp" 21
"../../../Engine/Content/EngineFonts/Faces/RobotoLight.uasset" 22
"../../../Engine/Content/EngineFonts/Faces/RobotoLight.ufont" 23
"../../../Engine/Content/EngineFonts/Faces/RobotoRegular.uexp" 24
"../../../Engine/Content/EngineFonts/Faces/RobotoRegular.uasset" 25
"../../../Engine/Content/EngineFonts/Faces/RobotoRegular.ufont" 26
"../../../Engine/Content/EngineFonts/Roboto.uasset" 27
"../../../Engine/Content/EngineFonts/Roboto.uexp" 28
"../../../Engine/Content/EngineMaterials/DefaultDestructiblePhysicalMaterial.uasset" 29
"../../../Engine/Content/EngineMaterials/DefaultDestructiblePhysicalMaterial.uexp" 30
"../../../Engine/Content/EngineMaterials/DefaultPhysicalMaterial.uasset" 31
"../../../Engine/Content/EngineMaterials/DefaultPhysicalMaterial.uexp" 32
"../../../Engine/Plugins/NNE/NNEDenoiser/Content/NNED_Oidn2-3_Balanced_Alpha.uasset" 33
"../../../Engine/Plugins/NNE/NNEDenoiser/Content/NNED_Oidn2-3_Balanced_Alpha.uexp" 34
"../../../Engine/Content/EngineSounds/Master.uasset" 35
"../../../Engine/Content/EngineSounds/Master.uexp" 36
"../../../Engine/Plugins/NNE/NNEDenoiser/Content/NNED_Oidn2-3_Fast.uasset" 37
"../../../Engine/Plugins/NNE/NNEDenoiser/Content/NNED_Oidn2-3_Fast.uexp" 38
"../../../Engine/Plugins/NNE/NNEDenoiser/Content/NNED_Oidn2-3_Fast_Alpha.uasset" 39
"../../../Engine/Plugins/NNE/NNEDenoiser/Content/NNED_Oidn2-3_Fast_Alpha.uexp" 40
"../../../Engine/Plugins/NNE/NNEDenoiser/Content/NNED_Oidn2-3_HighQuality.uasset" 41
"../../../Engine/Plugins/NNE/NNEDenoiser/Content/NNED_Oidn2-3_HighQuality.uexp" 42
"../../../Engine/Plugins/NNE/NNEDenoiser/Content/NNED_Oidn2-3_HighQuality_Alpha.uasset" 43
"../../../Engine/Plugins/NNE/NNEDenoiser/Content/NNED_Oidn2-3_HighQuality_Alpha.uexp" 44
"../../../Engine/Plugins/NNE/NNEDenoiser/Content/NNE_oidn2-3-0_rt_hdr_alb_nrm_small__dyn__fp16_opset11_DenoiseAlpha.uasset" 45
"../../../Engine/Plugins/NNE/NNEDenoiser/Content/NNE_oidn2-3-0_rt_hdr_alb_nrm_small__dyn__fp16_opset11_DenoiseAlpha.uexp" 46
"../../../Engine/Plugins/NNE/NNEDenoiser/Content/NNE_oidn2-3-0_rt_hdr_alb_nrm_small__dyn__fp16_opset11_ForwardAlpha.uasset" 47
"../../../Engine/Plugins/NNE/NNEDenoiser/Content/NNE_oidn2-3-0_rt_hdr_alb_nrm_small__dyn__fp16_opset11_ForwardAlpha.uexp" 48
"../../../Engine/Plugins/NNE/NNEDenoiser/Content/NNE_oidn2-3-0_rt_hdr_alb_nrm__dyn__fp16_opset11_DenoiseAlpha.uasset" 49
"../../../Engine/Plugins/NNE/NNEDenoiser/Content/NNE_oidn2-3-0_rt_hdr_alb_nrm__dyn__fp16_opset11_DenoiseAlpha.uexp" 50
"../../../Engine/Plugins/NNE/NNEDenoiser/Content/NNE_oidn2-3-0_rt_hdr_alb_nrm__dyn__fp16_opset11_ForwardAlpha.uasset" 51
"../../../Engine/Plugins/NNE/NNEDenoiser/Content/NNE_oidn2-3-0_rt_hdr_alb_nrm__dyn__fp16_opset11_ForwardAlpha.uexp" 52
"../../../Engine/Plugins/NNE/NNEDenoiser/Content/NNE_oidn2-3-0_rt_hdr_calb_cnrm_large__dyn__fp16_opset11_DenoiseAlpha.uasset" 53
"../../../Engine/Plugins/NNE/NNEDenoiser/Content/NNE_oidn2-3-0_rt_hdr_calb_cnrm_large__dyn__fp16_opset11_DenoiseAlpha.uexp" 54
"../../../Engine/Content/EngineMaterials/InvalidLightmapSettings.ubulk" 55
"../../../Engine/Content/EngineMaterials/InvalidLightmapSettings.uasset" 56
"../../../Engine/Content/EngineMaterials/InvalidLightmapSettings.uexp" 57
"../../../Engine/Content/EngineMaterials/M_InvalidLightmapSettings.uasset" 58
"../../../Engine/Content/EngineMaterials/M_InvalidLightmapSettings.uexp" 59
"../../../Engine/Content/EngineDamageTypes/DmgTypeBP_Environmental.uasset" 60
"../../../Engine/Content/EngineDamageTypes/DmgTypeBP_Environmental.uexp" 61
"../../../Engine/Content/EngineMaterials/NaniteHiddenSectionMaterial.uasset" 62
"../../../Engine/Content/EngineMaterials/NaniteHiddenSectionMaterial.uexp" 63
"../../../Engine/Plugins/NNE/NNEDenoiser/Content/NNE_oidn2-3-0_rt_hdr_calb_cnrm_large__dyn__fp16_opset11_ForwardAlpha.uasset" 64
"../../../Engine/Plugins/NNE/NNEDenoiser/Content/NNE_oidn2-3-0_rt_hdr_calb_cnrm_large__dyn__fp16_opset11_ForwardAlpha.uexp" 65
"../../../Engine/Plugins/Interchange/Runtime/Content/Pipelines/DefaultAssetsPipeline.uasset" 66
"../../../Engine/Plugins/Interchange/Runtime/Content/Pipelines/DefaultAssetsPipeline.uexp" 67
"../../../Engine/Plugins/Interchange/Runtime/Content/Pipelines/DefaultAudioPipeline.uasset" 68
"../../../Engine/Plugins/Interchange/Runtime/Content/Pipelines/DefaultAudioPipeline.uexp" 69
"../../../Engine/Plugins/Interchange/Runtime/Content/Pipelines/DefaultGLTFAssetsPipeline.uasset" 70
"../../../Engine/Plugins/Interchange/Runtime/Content/Pipelines/DefaultGLTFAssetsPipeline.uexp" 71
"../../../Engine/Plugins/Interchange/Runtime/Content/Pipelines/DefaultGLTFPipeline.uasset" 72
"../../../Engine/Plugins/Interchange/Runtime/Content/Pipelines/DefaultGLTFPipeline.uexp" 73
"../../../Engine/Plugins/Interchange/Runtime/Content/Pipelines/DefaultGLTFSceneAssetsPipeline.uasset" 74
"../../../Engine/Plugins/Interchange/Runtime/Content/Pipelines/DefaultGLTFSceneAssetsPipeline.uexp" 75
"../../../Engine/Plugins/Interchange/Runtime/Content/Pipelines/DefaultMaterialPipeline.uasset" 76
"../../../Engine/Plugins/Interchange/Runtime/Content/Pipelines/DefaultMaterialPipeline.uexp" 77
"../../../Engine/Plugins/Interchange/Runtime/Content/Pipelines/DefaultMaterialXPipeline.uasset" 78
"../../../Engine/Plugins/Interchange/Runtime/Content/Pipelines/DefaultMaterialXPipeline.uexp" 79
"../../../Engine/Plugins/Interchange/Runtime/Content/Pipelines/DefaultSceneAssetsPipeline.uasset" 80
"../../../Engine/Plugins/Interchange/Runtime/Content/Pipelines/DefaultSceneAssetsPipeline.uexp" 81
"../../../Engine/Plugins/Interchange/Runtime/Content/Pipelines/DefaultSceneLevelPipeline.uasset" 82
"../../../Engine/Plugins/Interchange/Runtime/Content/Pipelines/DefaultSceneLevelPipeline.uexp" 83
"../../../Engine/Plugins/Interchange/Runtime/Content/Pipelines/DefaultTexturePipeline.uasset" 84
"../../../Engine/Plugins/Interchange/Runtime/Content/Pipelines/DefaultTexturePipeline.uexp" 85
"../../../Engine/Content/EngineDebugMaterials/DebugEditorMaterial.uasset" 86
"../../../Engine/Content/EngineDebugMaterials/DebugEditorMaterial.uexp" 87
"../../../Engine/Content/Functions/Engine_MaterialFunctions02/WorldPositionOffset/CameraOffset.uasset" 88
"../../../Engine/Content/Functions/Engine_MaterialFunctions02/WorldPositionOffset/CameraOffset.uexp" 89
"../../../Engine/Content/EngineMaterials/PhAT_JointLimitMaterial.uasset" 90
"../../../Engine/Content/EngineMaterials/PhAT_JointLimitMaterial.uexp" 91
"../../../Engine/Content/EngineDebugMaterials/DebugMeshMaterial.uasset" 92
"../../../Engine/Content/EngineDebugMaterials/DebugMeshMaterial.uexp" 93
"../../../Engine/Content/EngineMaterials/DefaultCalibrationColor.uasset" 94
"../../../Engine/Content/EngineMaterials/DefaultCalibrationColor.uexp" 95
"../../../Engine/Content/EngineMaterials/PPM_DefaultCalibrationColor.uasset" 96
"../../../Engine/Content/EngineMaterials/PPM_DefaultCalibrationColor.uexp" 97
"../../../Engine/Content/EngineMaterials/DefaultCalibrationGrayscale.uasset" 98
"../../../Engine/Content/EngineMaterials/DefaultCalibrationGrayscale.uexp" 99
"../../../Engine/Content/EngineMaterials/PPM_DefaultCalibrationGrayscale.uasset" 100
"../../../Engine/Content/EngineMaterials/PPM_DefaultCalibrationGrayscale.uexp" 101
"../../../Engine/Content/MobileResources/HUD/VirtualJoystick_Background.uasset" 102
"../../../Engine/Content/MobileResources/HUD/VirtualJoystick_Background.uexp" 103
"../../../Engine/Content/MobileResources/HUD/VirtualJoystick_Thumb.uasset" 104
"../../../Engine/Content/MobileResources/HUD/VirtualJoystick_Thumb.uexp" 105
"../../../Engine/Content/MobileResources/HUD/DefaultVirtualJoysticks.uasset" 106
"../../../Engine/Content/MobileResources/HUD/DefaultVirtualJoysticks.uexp" 107
"../../../Engine/Content/EngineMaterials/T_Default_Material_Grid_M.ubulk" 108
"../../../Engine/Content/EngineMaterials/T_Default_Material_Grid_M.uasset" 109
"../../../Engine/Content/EngineMaterials/T_Default_Material_Grid_M.uexp" 110
"../../../Engine/Content/EngineMaterials/T_Default_Material_Grid_N.ubulk" 111
"../../../Engine/Content/EngineMaterials/T_Default_Material_Grid_N.uasset" 112
"../../../Engine/Content/EngineMaterials/T_Default_Material_Grid_N.uexp" 113
"../../../Engine/Content/Functions/Engine_MaterialFunctions01/Opacity/CameraDepthFade.uasset" 114
"../../../Engine/Content/Functions/Engine_MaterialFunctions01/Opacity/CameraDepthFade.uexp" 115
"../../../Engine/Content/EngineMaterials/DefaultMaterial.uasset" 116
"../../../Engine/Content/EngineMaterials/DefaultMaterial.uexp" 117
"../../../Engine/Content/BasicShapes/Cone.uasset" 118
"../../../Engine/Content/BasicShapes/Cone.uexp" 119
"../../../Engine/Content/EngineMaterials/PreintegratedSkinBRDF.uasset" 120
"../../../Engine/Content/EngineMaterials/PreintegratedSkinBRDF.uexp" 121
"../../../Engine/Content/EngineMaterials/WorldGridMaterial.uasset" 122
"../../../Engine/Content/EngineMaterials/WorldGridMaterial.uexp" 123
"../../../Engine/Content/BasicShapes/Cube.uasset" 124
"../../../Engine/Content/BasicShapes/Cube.uexp" 125
"../../../Engine/Plugins/Interchange/Assets/Content/Functions/MX_AbsorptionVDF.uasset" 126
"../../../Engine/Plugins/Interchange/Assets/Content/Functions/MX_AbsorptionVDF.uexp" 127
"../../../Engine/Plugins/Interchange/Assets/Content/Functions/MX_AnisotropicVDF.uasset" 128
"../../../Engine/Plugins/Interchange/Assets/Content/Functions/MX_AnisotropicVDF.uexp" 129
"../../../Engine/Plugins/2D/Paper2D/Content/DefaultSpriteMaterial.uasset" 130
"../../../Engine/Plugins/2D/Paper2D/Content/DefaultSpriteMaterial.uexp" 131
"../../../Engine/Plugins/2D/Paper2D/Content/MaskedUnlitSpriteMaterial.uasset" 132
"../../../Engine/Plugins/2D/Paper2D/Content/MaskedUnlitSpriteMaterial.uexp" 133
"../../../Engine/Content/EngineMaterials/RemoveSurfaceMaterial.uasset" 134
"../../../Engine/Content/EngineMaterials/RemoveSurfaceMaterial.uexp" 135
"../../../Engine/Plugins/2D/Paper2D/Content/OpaqueUnlitSpriteMaterial.uasset" 136
"../../../Engine/Plugins/2D/Paper2D/Content/OpaqueUnlitSpriteMaterial.uexp" 137
"../../../Engine/Plugins/Interchange/Assets/Content/Functions/MX_BurleyDiffuseBSDF.uasset" 138
"../../../Engine/Plugins/Interchange/Assets/Content/Functions/MX_BurleyDiffuseBSDF.uexp" 139
"../../../Engine/Content/BasicShapes/Plane.uasset" 140
"../../../Engine/Content/BasicShapes/Plane.uexp" 141
"../../../Engine/Content/BasicShapes/Sphere.uasset" 142
"../../../Engine/Content/BasicShapes/Sphere.uexp" 143
"../../../Engine/Plugins/Interchange/Assets/Content/Functions/MX_ChiangHairBSDF.uasset" 144
"../../../Engine/Plugins/Interchange/Assets/Content/Functions/MX_ChiangHairBSDF.uexp" 145
"../../../Engine/Content/EngineDebugMaterials/M_SimpleUnlitTranslucent.uasset" 146
"../../../Engine/Content/EngineDebugMaterials/M_SimpleUnlitTranslucent.uexp" 147
"../../../Engine/Content/EngineMaterials/SMAAAreaTex.uasset" 148
"../../../Engine/Content/EngineMaterials/SMAAAreaTex.uexp" 149
"../../../Engine/Content/Functions/Engine_MaterialFunctions02/Utility/CameraDirectionVector.uasset" 150
"../../../Engine/Content/Functions/Engine_MaterialFunctions02/Utility/CameraDirectionVector.uexp" 151
"../../../Engine/Content/EngineDebugMaterials/VolumeToRender.uasset" 152
"../../../Engine/Content/EngineDebugMaterials/VolumeToRender.uexp" 153
"../../../Engine/Content/EngineDebugMaterials/M_VolumeRenderSphereTracePP.uasset" 154
"../../../Engine/Content/EngineDebugMaterials/M_VolumeRenderSphereTracePP.uexp" 155
"../../../Engine/Plugins/Animation/ControlRig/Content/M_Manip.uasset" 156
"../../../Engine/Plugins/Animation/ControlRig/Content/M_Manip.uexp" 157
"../../../Engine/Content/EngineMaterials/SMAASearchTex.uasset" 158
"../../../Engine/Content/EngineMaterials/SMAASearchTex.uexp" 159
"../../../Engine/Plugins/Interchange/Assets/Content/Functions/MX_ConductorBSDF.uasset" 160
"../../../Engine/Plugins/Interchange/Assets/Content/Functions/MX_ConductorBSDF.uexp" 161
"../../../Engine/Plugins/Interchange/Assets/Content/Functions/MX_ConicalEDF.uasset" 162
"../../../Engine/Plugins/Interchange/Assets/Content/Functions/MX_ConicalEDF.uexp" 163
"../../../Engine/Plugins/Interchange/Assets/Content/Functions/MX_DielectricBSDF.uasset" 164
"../../../Engine/Plugins/Interchange/Assets/Content/Functions/MX_DielectricBSDF.uexp" 165
"../../../Engine/Plugins/Interchange/Assets/Content/Functions/MX_Displacement.uasset" 166
"../../../Engine/Plugins/Interchange/Assets/Content/Functions/MX_Displacement.uexp" 167
"../../../Engine/Plugins/Interchange/Assets/Content/Functions/MX_GeneralizedSchlickBSDF.uasset" 168
"../../../Engine/Plugins/Interchange/Assets/Content/Functions/MX_GeneralizedSchlickBSDF.uexp" 169
"../../../Engine/Content/EditorMaterials/PhAT_NoCollisionMaterial.uasset" 170
"../../../Engine/Content/EditorMaterials/PhAT_NoCollisionMaterial.uexp" 171
"../../../Engine/Content/EditorMaterials/PhAT_UnselectedMaterial.uasset" 172
"../../../Engine/Content/EditorMaterials/PhAT_UnselectedMaterial.uexp" 173
"../../../Engine/Plugins/Interchange/Assets/Content/Functions/MX_MeasuredEDF.uasset" 174
"../../../Engine/Plugins/Interchange/Assets/Content/Functions/MX_MeasuredEDF.uexp" 175
"../../../Engine/Content/EditorMaterials/PreviewShadowIndicator.ubulk" 176
"../../../Engine/Content/EditorMaterials/PreviewShadowIndicator.uasset" 177
"../../../Engine/Content/EditorMaterials/PreviewShadowIndicator.uexp" 178
"../../../Engine/Content/EditorMaterials/PreviewShadowIndicatorMaterial.uasset" 179
"../../../Engine/Content/EditorMaterials/PreviewShadowIndicatorMaterial.uexp" 180
"../../../Engine/Plugins/Interchange/Assets/Content/Functions/MF_IridescenceNoLUT.uasset" 181
"../../../Engine/Plugins/Interchange/Assets/Content/Functions/MF_IridescenceNoLUT.uexp" 182
"../../../Engine/Plugins/Interchange/Assets/Content/Functions/MX_StandardSurface.uasset" 183
"../../../Engine/Plugins/Interchange/Assets/Content/Functions/MX_StandardSurface.uexp" 184
"../../../Engine/Plugins/Interchange/Assets/Content/Functions/MX_OpenPBR_Opaque.uasset" 185
"../../../Engine/Plugins/Interchange/Assets/Content/Functions/MX_OpenPBR_Opaque.uexp" 186
"../../../Engine/Content/MapTemplates/SM_Template_Map_Floor.uasset" 187
"../../../Engine/Content/MapTemplates/SM_Template_Map_Floor.uexp" 188
"../../../Engine/Plugins/Interchange/Assets/Content/Functions/MX_TransmissionSurface.uasset" 189
"../../../Engine/Plugins/Interchange/Assets/Content/Functions/MX_TransmissionSurface.uexp" 190
"../../../Engine/Plugins/Interchange/Assets/Content/Functions/MX_OpenPBR_Translucent.uasset" 191
"../../../Engine/Plugins/Interchange/Assets/Content/Functions/MX_OpenPBR_Translucent.uexp" 192
"../../../Engine/Content/EngineMaterials/WeightMapPlaceholderTexture.uasset" 193
"../../../Engine/Content/EngineMaterials/WeightMapPlaceholderTexture.uexp" 194
"../../../Engine/Content/EngineMaterials/WeightMapArrayPlaceholderTexture.uasset" 195
"../../../Engine/Content/EngineMaterials/WeightMapArrayPlaceholderTexture.uexp" 196
"../../../Engine/Plugins/Interchange/Assets/Content/Functions/MX_OrenNayarBSDF.uasset" 197
"../../../Engine/Plugins/Interchange/Assets/Content/Functions/MX_OrenNayarBSDF.uexp" 198
"../../../Engine/Content/EngineResources/WhiteSquareTexture.uasset" 199
"../../../Engine/Content/EngineResources/WhiteSquareTexture.uexp" 200
"../../../Engine/Content/EngineMaterials/Widget3DPassThrough.uasset" 201
"../../../Engine/Content/EngineMaterials/Widget3DPassThrough.uexp" 202
"../../../Engine/Content/EngineMaterials/Widget3DPassThrough_Masked.uasset" 203
"../../../Engine/Content/EngineMaterials/Widget3DPassThrough_Masked.uexp" 204
"../../../Engine/Content/EngineMaterials/Widget3DPassThrough_Opaque.uasset" 205
"../../../Engine/Content/EngineMaterials/Widget3DPassThrough_Opaque.uexp" 206
"../../../Engine/Content/EngineMaterials/Widget3DPassThrough_Masked_OneSided.uasset" 207
"../../../Engine/Content/EngineMaterials/Widget3DPassThrough_Masked_OneSided.uexp" 208
"../../../Engine/Content/EngineMaterials/Widget3DPassThrough_Opaque_OneSided.uasset" 209
"../../../Engine/Content/EngineMaterials/Widget3DPassThrough_Opaque_OneSided.uexp" 210
"../../../Engine/Content/EngineMaterials/Widget3DPassThrough_Translucent.uasset" 211
"../../../Engine/Content/EngineMaterials/Widget3DPassThrough_Translucent.uexp" 212
"../../../Engine/Content/EngineMaterials/Widget3DPassThrough_Translucent_OneSided.uasset" 213
"../../../Engine/Content/EngineMaterials/Widget3DPassThrough_Translucent_OneSided.uexp" 214
"../../../Engine/Plugins/Interchange/Assets/Content/Functions/MX_SheenBSDF.uasset" 215
"../../../Engine/Plugins/Interchange/Assets/Content/Functions/MX_SheenBSDF.uexp" 216
"../../../Engine/Plugins/Interchange/Assets/Content/Functions/MX_SubsurfaceBSDF.uasset" 217
"../../../Engine/Plugins/Interchange/Assets/Content/Functions/MX_SubsurfaceBSDF.uexp" 218
"../../../Engine/Plugins/Interchange/Assets/Content/Functions/MX_Surface.uasset" 219
"../../../Engine/Plugins/Interchange/Assets/Content/Functions/MX_Surface.uexp" 220
"../../../Engine/Plugins/Interchange/Assets/Content/Functions/MX_SurfaceUnlit.uasset" 221
"../../../Engine/Plugins/Interchange/Assets/Content/Functions/MX_SurfaceUnlit.uexp" 222
"../../../Engine/Plugins/Interchange/Assets/Content/Functions/MX_TranslucentBSDF.uasset" 223
"../../../Engine/Plugins/Interchange/Assets/Content/Functions/MX_TranslucentBSDF.uexp" 224
"../../../Engine/Plugins/Interchange/Assets/Content/Functions/MX_UniformEDF.uasset" 225
"../../../Engine/Plugins/Interchange/Assets/Content/Functions/MX_UniformEDF.uexp" 226
"../../../Engine/Content/Functions/Engine_MaterialFunctions02/Utility/MakeFloat3.uasset" 227
"../../../Engine/Content/Functions/Engine_MaterialFunctions02/Utility/MakeFloat3.uexp" 228
"../../../Engine/Content/Functions/Engine_MaterialFunctions02/SplitComponents.uasset" 229
"../../../Engine/Content/Functions/Engine_MaterialFunctions02/SplitComponents.uexp" 230
"../../../Engine/Content/Functions/Engine_MaterialFunctions02/Utility/BreakOutFloat3Components.uasset" 231
"../../../Engine/Content/Functions/Engine_MaterialFunctions02/Utility/BreakOutFloat3Components.uexp" 232
"../../../Engine/Content/Functions/Engine_MaterialFunctions02/Math/Transform3x3Matrix.uasset" 233
"../../../Engine/Content/Functions/Engine_MaterialFunctions02/Math/Transform3x3Matrix.uexp" 234
"../../../Engine/Content/VREditor/SnapGrid/SnapGridMaterial.uasset" 235
"../../../Engine/Content/VREditor/SnapGrid/SnapGridMaterial.uexp" 236
"../../../Engine/Content/VREditor/SnapGrid/SnapGridPlaneMesh.uasset" 237
"../../../Engine/Content/VREditor/SnapGrid/SnapGridPlaneMesh.uexp" 238
"../../../Engine/Content/VREditor/LaserPointer/VR_LaserPower_01.ubulk" 239
"../../../Engine/Content/VREditor/LaserPointer/VR_LaserPower_01.uasset" 240
"../../../Engine/Content/VREditor/LaserPointer/VR_LaserPower_01.uexp" 241
"../../../Engine/Content/VREditor/TransformGizmo/TransformGizmoMaterial.uasset" 242
"../../../Engine/Content/VREditor/TransformGizmo/TransformGizmoMaterial.uexp" 243
"../../../Engine/Content/VREditor/TransformGizmo/TranslucentTransformGizmoMaterial.uasset" 244
"../../../Engine/Content/VREditor/TransformGizmo/TranslucentTransformGizmoMaterial.uexp" 245
"../../../Engine/Content/VREditor/TransformGizmo/PlaneTranslationHandle.uasset" 246
"../../../Engine/Content/VREditor/TransformGizmo/PlaneTranslationHandle.uexp" 247
"../../../Engine/Content/VREditor/TransformGizmo/RotationHandleFull.uasset" 248
"../../../Engine/Content/VREditor/TransformGizmo/RotationHandleFull.uexp" 249
"../../../Engine/Content/VREditor/TransformGizmo/RotationHandleIndicator.uasset" 250
"../../../Engine/Content/VREditor/TransformGizmo/RotationHandleIndicator.uexp" 251
"../../../Engine/Content/VREditor/TransformGizmo/RotationHandleQuarter.uasset" 252
"../../../Engine/Content/VREditor/TransformGizmo/RotationHandleQuarter.uexp" 253
"../../../Engine/Content/VREditor/TransformGizmo/StartRotationHandleIndicator.uasset" 254
"../../../Engine/Content/VREditor/TransformGizmo/StartRotationHandleIndicator.uexp" 255
"../../../Engine/Content/VREditor/TransformGizmo/TranslucentTransformGizmoMaterial_Inst.uasset" 256
"../../../Engine/Content/VREditor/TransformGizmo/TranslucentTransformGizmoMaterial_Inst.uexp" 257
"../../../Engine/Content/VREditor/TransformGizmo/TransformGizmoFreeRotation.uasset" 258
"../../../Engine/Content/VREditor/TransformGizmo/TransformGizmoFreeRotation.uexp" 259
"../../../Engine/Content/VREditor/TransformGizmo/TransformGizmoMaterial_Inst.uasset" 260
"../../../Engine/Content/VREditor/TransformGizmo/TransformGizmoMaterial_Inst.uexp" 261
"../../../Engine/Content/VREditor/TransformGizmo/TranslateArrowHandle.uasset" 262
"../../../Engine/Content/VREditor/TransformGizmo/TranslateArrowHandle.uexp" 263
"../../../Engine/Content/VREditor/TransformGizmo/UniformScaleHandle.uasset" 264
"../../../Engine/Content/VREditor/TransformGizmo/UniformScaleHandle.uexp" 265
"../../../Engine/Content/VREditor/Sounds/UI/Drop_Item_From_ContentBrowser.ubulk" 266
"../../../Engine/Content/VREditor/Sounds/UI/Drop_Item_From_ContentBrowser.uasset" 267
"../../../Engine/Content/VREditor/Sounds/UI/Drop_Item_From_ContentBrowser.uexp" 268
"../../../Engine/Content/VREditor/Sounds/UI/Gizmo_Handle_Clicked.ubulk" 269
"../../../Engine/Content/VREditor/Sounds/UI/Gizmo_Handle_Clicked.uasset" 270
"../../../Engine/Content/VREditor/Sounds/UI/Gizmo_Handle_Clicked.uexp" 271
"../../../Engine/Content/VREditor/Sounds/UI/Object_PickUp.ubulk" 272
"../../../Engine/Content/VREditor/Sounds/UI/Object_PickUp.uasset" 273
"../../../Engine/Content/VREditor/Sounds/UI/Object_PickUp.uexp" 274
"../../../Engine/Content/VREditor/Sounds/UI/Object_Snaps_To_Another_Actor.ubulk" 275
"../../../Engine/Content/VREditor/Sounds/UI/Object_Snaps_To_Another_Actor.uasset" 276
"../../../Engine/Content/VREditor/Sounds/UI/Object_Snaps_To_Another_Actor.uexp" 277
"../../../Engine/Content/VREditor/Sounds/UI/Object_Snaps_To_Grid.ubulk" 278
"../../../Engine/Content/VREditor/Sounds/UI/Object_Snaps_To_Grid.uasset" 279
"../../../Engine/Content/VREditor/Sounds/UI/Object_Snaps_To_Grid.uexp" 280
"../../../Engine/Content/VREditor/Sounds/UI/Scaling_Down.ubulk" 281
"../../../Engine/Content/VREditor/Sounds/UI/Scaling_Down.uasset" 282
"../../../Engine/Content/VREditor/Sounds/UI/Scaling_Down.uexp" 283
"../../../Engine/Content/VREditor/Sounds/UI/Scaling_Up.ubulk" 284
"../../../Engine/Content/VREditor/Sounds/UI/Scaling_Up.uasset" 285
"../../../Engine/Content/VREditor/Sounds/UI/Scaling_Up.uexp" 286
"../../../Engine/Content/VREditor/Sounds/UI/Selection_Changes.ubulk" 287
"../../../Engine/Content/VREditor/Sounds/UI/Selection_Changes.uasset" 288
"../../../Engine/Content/VREditor/Sounds/UI/Selection_Changes.uexp" 289
"../../../Engine/Plugins/Interchange/Assets/Content/Functions/MX_UsdPreviewSurface.uasset" 290
"../../../Engine/Plugins/Interchange/Assets/Content/Functions/MX_UsdPreviewSurface.uexp" 291
"../../../Engine/Plugins/Animation/ControlRig/Content/Controls/ControlRigGizmoMaterial.uasset" 292
"../../../Engine/Plugins/Animation/ControlRig/Content/Controls/ControlRigGizmoMaterial.uexp" 293
"../../../Engine/Plugins/Animation/ControlRig/Content/Controls/ControlRigXRayMaterial.uasset" 294
"../../../Engine/Plugins/Animation/ControlRig/Content/Controls/ControlRigXRayMaterial.uexp" 295
"../../../Engine/Plugins/Media/MediaPlate/Content/SM_MediaPlateScreen.uasset" 296
"../../../Engine/Plugins/Media/MediaPlate/Content/SM_MediaPlateScreen.uexp" 297
"../../../Engine/Plugins/Animation/ControlRig/Content/Controls/ControlRig_Arrow2_1mm.uasset" 298
"../../../Engine/Plugins/Animation/ControlRig/Content/Controls/ControlRig_Arrow2_1mm.uexp" 299
"../../../Engine/Content/EngineMeshes/Sphere.uasset" 300
"../../../Engine/Content/EngineMeshes/Sphere.uexp" 301
"../../../Engine/Plugins/NNE/NNEDenoiser/Content/NNEDIM_ColorAlbedoNormal_Alpha.uasset" 302
"../../../Engine/Plugins/NNE/NNEDenoiser/Content/NNEDIM_ColorAlbedoNormal_Alpha.uexp" 303
"../../../Engine/Plugins/Animation/ControlRig/Content/Controls/ControlRig_Arrow2_3mm.uasset" 304
"../../../Engine/Plugins/Animation/ControlRig/Content/Controls/ControlRig_Arrow2_3mm.uexp" 305
"../../../Engine/Plugins/NNE/NNEDenoiser/Content/NNEDIM_ColorAlbedoNormal_Default.uasset" 306
"../../../Engine/Plugins/NNE/NNEDenoiser/Content/NNEDIM_ColorAlbedoNormal_Default.uexp" 307
"../../../Engine/Plugins/NNE/NNEDenoiser/Content/NNEDIM_HighQuality_Alpha.uasset" 308
"../../../Engine/Plugins/NNE/NNEDenoiser/Content/NNEDIM_HighQuality_Alpha.uexp" 309
"../../../Engine/Plugins/NNE/NNEDenoiser/Content/NNEDIM_HighQuality_Default.uasset" 310
"../../../Engine/Plugins/NNE/NNEDenoiser/Content/NNEDIM_HighQuality_Default.uexp" 311
"../../../Engine/Plugins/NNE/NNEDenoiser/Content/NNEDOM_Output_Alpha.uasset" 312
"../../../Engine/Plugins/NNE/NNEDenoiser/Content/NNEDOM_Output_Alpha.uexp" 313
"../../../Engine/Content/EditorLandscapeResources/DefaultAlphaTexture.uasset" 314
"../../../Engine/Content/EditorLandscapeResources/DefaultAlphaTexture.uexp" 315
"../../../Engine/Content/EditorLandscapeResources/ColorMaskBrushMaterial.uasset" 316
"../../../Engine/Content/EditorLandscapeResources/ColorMaskBrushMaterial.uexp" 317
"../../../Engine/Content/EditorLandscapeResources/ColorMaskBrushMaterial_MaskedRegion.uasset" 318
"../../../Engine/Content/EditorLandscapeResources/ColorMaskBrushMaterial_MaskedRegion.uexp" 319
"../../../Engine/Plugins/Animation/ControlRig/Content/Controls/ControlRig_Arrow2_solid.uasset" 320
"../../../Engine/Plugins/Animation/ControlRig/Content/Controls/ControlRig_Arrow2_solid.uexp" 321
"../../../Engine/Plugins/NNE/NNEDenoiser/Content/NNEDOM_Output_Default.uasset" 322
"../../../Engine/Plugins/NNE/NNEDenoiser/Content/NNEDOM_Output_Default.uexp" 323
"../../../Engine/Plugins/NNE/NNEDenoiser/Content/NNEDTIM_ColorAlbedoNormal_Alpha.uasset" 324
"../../../Engine/Plugins/NNE/NNEDenoiser/Content/NNEDTIM_ColorAlbedoNormal_Alpha.uexp" 325
"../../../Engine/Plugins/NNE/NNEDenoiser/Content/NNEDTIM_ColorAlbedoNormal_Default.uasset" 326
"../../../Engine/Plugins/NNE/NNEDenoiser/Content/NNEDTIM_ColorAlbedoNormal_Default.uexp" 327
"../../../Engine/Plugins/NNE/NNEDenoiser/Content/NNEDTOM_Output_Alpha.uasset" 328
"../../../Engine/Plugins/NNE/NNEDenoiser/Content/NNEDTOM_Output_Alpha.uexp" 329
"../../../Engine/Plugins/Animation/ControlRig/Content/Controls/ControlRig_Arrow4_1mm.uasset" 330
"../../../Engine/Plugins/Animation/ControlRig/Content/Controls/ControlRig_Arrow4_1mm.uexp" 331
"../../../Engine/Plugins/NNE/NNEDenoiser/Content/NNEDTOM_Output_Default.uasset" 332
"../../../Engine/Plugins/NNE/NNEDenoiser/Content/NNEDTOM_Output_Default.uexp" 333
"../../../Engine/Plugins/NNE/NNEDenoiser/Content/NNEDT_Oidn2-3_Balanced.uasset" 334
"../../../Engine/Plugins/NNE/NNEDenoiser/Content/NNEDT_Oidn2-3_Balanced.uexp" 335
"../../../Engine/Plugins/NNE/NNEDenoiser/Content/NNEDT_Oidn2-3_Balanced_Alpha.uasset" 336
"../../../Engine/Plugins/NNE/NNEDenoiser/Content/NNEDT_Oidn2-3_Balanced_Alpha.uexp" 337
"../../../Engine/Plugins/Animation/ControlRig/Content/Controls/ControlRig_Arrow4_3mm.uasset" 338
"../../../Engine/Plugins/Animation/ControlRig/Content/Controls/ControlRig_Arrow4_3mm.uexp" 339
"../../../Engine/Plugins/NNE/NNEDenoiser/Content/NNED_Oidn2-3_Balanced.uasset" 340
"../../../Engine/Plugins/NNE/NNEDenoiser/Content/NNED_Oidn2-3_Balanced.uexp" 341
"../../../Engine/Plugins/Animation/ControlRig/Content/Controls/ControlRig_Arrow4_solid.uasset" 342
"../../../Engine/Plugins/Animation/ControlRig/Content/Controls/ControlRig_Arrow4_solid.uexp" 343
"../../../Engine/Plugins/Animation/ControlRig/Content/Controls/ControlRig_Arrow_1mm.uasset" 344
"../../../Engine/Plugins/Animation/ControlRig/Content/Controls/ControlRig_Arrow_1mm.uexp" 345
"../../../Engine/Content/EditorLandscapeResources/LandscapeDirtyMaterial.uasset" 346
"../../../Engine/Content/EditorLandscapeResources/LandscapeDirtyMaterial.uexp" 347
"../../../Engine/Plugins/Animation/ControlRig/Content/Controls/ControlRig_Arrow_3mm.uasset" 348
"../../../Engine/Plugins/Animation/ControlRig/Content/Controls/ControlRig_Arrow_3mm.uexp" 349
"../../../Engine/Content/EngineResources/Black.uasset" 350
"../../../Engine/Content/EngineResources/Black.uexp" 351
"../../../Engine/Plugins/Animation/ControlRig/Content/Controls/ControlRig_Arrow_solid.uasset" 352
"../../../Engine/Plugins/Animation/ControlRig/Content/Controls/ControlRig_Arrow_solid.uexp" 353
"../../../Engine/Plugins/Animation/ControlRig/Content/Controls/ControlRig_Box_1mm.uasset" 354
"../../../Engine/Plugins/Animation/ControlRig/Content/Controls/ControlRig_Box_1mm.uexp" 355
"../../../Engine/Content/EngineResources/DefaultTexture.ubulk" 356
"../../../Engine/Content/EngineResources/DefaultTexture.uasset" 357
"../../../Engine/Content/EngineResources/DefaultTexture.uexp" 358
"../../../Engine/Plugins/Animation/ControlRig/Content/Controls/ControlRig_Box_3mm.uasset" 359
"../../../Engine/Plugins/Animation/ControlRig/Content/Controls/ControlRig_Box_3mm.uexp" 360
"../../../Engine/Content/EngineMaterials/DefaultDiffuse.ubulk" 361
"../../../Engine/Content/EngineMaterials/DefaultDiffuse.uasset" 362
"../../../Engine/Content/EngineMaterials/DefaultDiffuse.uexp" 363
"../../../Engine/Content/Functions/Engine_MaterialFunctions01/Texturing/TextureCropping.uasset" 364
"../../../Engine/Content/Functions/Engine_MaterialFunctions01/Texturing/TextureCropping.uexp" 365
"../../../Engine/Content/Functions/Engine_MaterialFunctions02/ExampleContent/DebugNumberStrip.uasset" 366
"../../../Engine/Content/Functions/Engine_MaterialFunctions02/ExampleContent/DebugNumberStrip.uexp" 367
"../../../Engine/Content/Functions/Engine_MaterialFunctions01/Debug/DebugIntValues.uasset" 368
"../../../Engine/Content/Functions/Engine_MaterialFunctions01/Debug/DebugIntValues.uexp" 369
"../../../Engine/Content/Functions/Engine_MaterialFunctions02/Utility/BreakOutFloat2Components.uasset" 370
"../../../Engine/Content/Functions/Engine_MaterialFunctions02/Utility/BreakOutFloat2Components.uexp" 371
"../../../Engine/Content/Functions/Engine_MaterialFunctions01/Texturing/ScaleUVsByCenter.uasset" 372
"../../../Engine/Content/Functions/Engine_MaterialFunctions01/Texturing/ScaleUVsByCenter.uexp" 373
"../../../Engine/Content/Functions/Engine_MaterialFunctions02/WorldPositionOffset/LocalPosition.uasset" 374
"../../../Engine/Content/Functions/Engine_MaterialFunctions02/WorldPositionOffset/LocalPosition.uexp" 375
"../../../Engine/Content/EditorLandscapeResources/LandscapeLayerUsageMaterial.uasset" 376
"../../../Engine/Content/EditorLandscapeResources/LandscapeLayerUsageMaterial.uexp" 377
"../../../Engine/Content/EngineResources/DefaultTextureCube.uasset" 378
"../../../Engine/Content/EngineResources/DefaultTextureCube.uexp" 379
"../../../Engine/Plugins/Animation/ControlRig/Content/Controls/ControlRig_Box_solid.uasset" 380
"../../../Engine/Plugins/Animation/ControlRig/Content/Controls/ControlRig_Box_solid.uexp" 381
"../../../Engine/Plugins/Animation/ControlRig/Content/Controls/ControlRig_Circle_1mm.uasset" 382
"../../../Engine/Plugins/Animation/ControlRig/Content/Controls/ControlRig_Circle_1mm.uexp" 383
"../../../Engine/Plugins/Animation/ControlRig/Content/Controls/ControlRig_Circle_3mm.uasset" 384
"../../../Engine/Plugins/Animation/ControlRig/Content/Controls/ControlRig_Circle_3mm.uexp" 385
"../../../Engine/Content/EditorLandscapeResources/WhiteSquareTexture.uasset" 386
"../../../Engine/Content/EditorLandscapeResources/WhiteSquareTexture.uexp" 387
"../../../Engine/Content/EditorLandscapeResources/LayerVisMaterial.uasset" 388
"../../../Engine/Content/EditorLandscapeResources/LayerVisMaterial.uexp" 389
"../../../Engine/Plugins/Animation/ControlRig/Content/Controls/ControlRig_Circle_solid.uasset" 390
"../../../Engine/Plugins/Animation/ControlRig/Content/Controls/ControlRig_Circle_solid.uexp" 391
"../../../Engine/Content/Functions/Engine_MaterialFunctions03/Math/WithinRangeFloat2.uasset" 392
"../../../Engine/Content/Functions/Engine_MaterialFunctions03/Math/WithinRangeFloat2.uexp" 393
"../../../Engine/Content/EditorLandscapeResources/MaskBrushMaterial.uasset" 394
"../../../Engine/Content/EditorLandscapeResources/MaskBrushMaterial.uexp" 395
"../../../Engine/Content/EditorLandscapeResources/MaskBrushMaterial_MaskedRegion.uasset" 396
"../../../Engine/Content/EditorLandscapeResources/MaskBrushMaterial_MaskedRegion.uexp" 397
"../../../Engine/Plugins/Animation/ControlRig/Content/Controls/ControlRig_Diamond_1mm.uasset" 398
"../../../Engine/Plugins/Animation/ControlRig/Content/Controls/ControlRig_Diamond_1mm.uexp" 399
"../../../Engine/Content/EngineResources/GradientTexture0.uasset" 400
"../../../Engine/Content/EngineResources/GradientTexture0.uexp" 401
"../../../Engine/Plugins/Animation/ControlRig/Content/Controls/ControlRig_Diamond_3mm.uasset" 402
"../../../Engine/Plugins/Animation/ControlRig/Content/Controls/ControlRig_Diamond_3mm.uexp" 403
"../../../Engine/Plugins/Animation/ControlRig/Content/Controls/ControlRig_Diamond_solid.uasset" 404
"../../../Engine/Plugins/Animation/ControlRig/Content/Controls/ControlRig_Diamond_solid.uexp" 405
"../../../Engine/Content/EngineMaterials/DefaultBloomKernel.uasset" 406
"../../../Engine/Content/EngineMaterials/DefaultBloomKernel.uexp" 407
"../../../Engine/Content/EditorLandscapeResources/SelectBrushMaterial.uasset" 408
"../../../Engine/Content/EditorLandscapeResources/SelectBrushMaterial.uexp" 409
"../../../Engine/Content/EditorLandscapeResources/SelectBrushMaterial_Selected.uasset" 410
"../../../Engine/Content/EditorLandscapeResources/SelectBrushMaterial_Selected.uexp" 411
"../../../Engine/Plugins/Animation/ControlRig/Content/Controls/ControlRig_HalfCircle_1mm.uasset" 412
"../../../Engine/Plugins/Animation/ControlRig/Content/Controls/ControlRig_HalfCircle_1mm.uexp" 413
"../../../Engine/Content/EngineMaterials/DefaultBokeh.uasset" 414
"../../../Engine/Content/EngineMaterials/DefaultBokeh.uexp" 415
"../../../Engine/Content/EditorLandscapeResources/SelectBrushMaterial_SelectedRegion.uasset" 416
"../../../Engine/Content/EditorLandscapeResources/SelectBrushMaterial_SelectedRegion.uexp" 417
"../../../Engine/Plugins/Animation/ControlRig/Content/Controls/ControlRig_HalfCircle_3mm.uasset" 418
"../../../Engine/Plugins/Animation/ControlRig/Content/Controls/ControlRig_HalfCircle_3mm.uexp" 419
"../../../Engine/Content/EditorLandscapeResources/SplineEditorMeshMat.uasset" 420
"../../../Engine/Content/EditorLandscapeResources/SplineEditorMeshMat.uexp" 421
"../../../Engine/Content/EditorLandscapeResources/SplineEditorMesh.uasset" 422
"../../../Engine/Content/EditorLandscapeResources/SplineEditorMesh.uexp" 423
"../../../Engine/Content/EngineResources/LandscapeVisibilityLayerInfo.uasset" 424
"../../../Engine/Content/EngineResources/LandscapeVisibilityLayerInfo.uexp" 425
"../../../Engine/Plugins/Animation/ControlRig/Content/Controls/ControlRig_HalfCircle_solid.uasset" 426
"../../../Engine/Plugins/Animation/ControlRig/Content/Controls/ControlRig_HalfCircle_solid.uexp" 427
"../../../Engine/Plugins/Animation/ControlRig/Content/Controls/ControlRig_Hexagon_1mm.uasset" 428
"../../../Engine/Plugins/Animation/ControlRig/Content/Controls/ControlRig_Hexagon_1mm.uexp" 429
"../../../Engine/Plugins/Animation/ControlRig/Content/Controls/ControlRig_Hexagon_3mm.uasset" 430
"../../../Engine/Plugins/Animation/ControlRig/Content/Controls/ControlRig_Hexagon_3mm.uexp" 431
"../../../Engine/Plugins/Animation/ControlRig/Content/Controls/ControlRig_Hexagon_solid.uasset" 432
"../../../Engine/Plugins/Animation/ControlRig/Content/Controls/ControlRig_Hexagon_solid.uexp" 433
"../../../Engine/Content/EngineMaterials/DefaultDeferredDecalMaterial.uasset" 434
"../../../Engine/Content/EngineMaterials/DefaultDeferredDecalMaterial.uexp" 435
"../../../Engine/Content/EditorResources/BSPVertex.uasset" 436
"../../../Engine/Content/EditorResources/BSPVertex.uexp" 437
"../../../Engine/Plugins/Animation/ControlRig/Content/Controls/ControlRig_Octagon_1mm.uasset" 438
"../../../Engine/Plugins/Animation/ControlRig/Content/Controls/ControlRig_Octagon_1mm.uexp" 439
"../../../Engine/Plugins/Animation/ControlRig/Content/Controls/ControlRig_Octagon_3mm.uasset" 440
"../../../Engine/Plugins/Animation/ControlRig/Content/Controls/ControlRig_Octagon_3mm.uexp" 441
"../../../Engine/Content/EngineMaterials/DefaultLightFunctionMaterial.uasset" 442
"../../../Engine/Content/EngineMaterials/DefaultLightFunctionMaterial.uexp" 443
"../../../Engine/Plugins/Animation/ControlRig/Content/Controls/ControlRig_Octagon_solid.uasset" 444
"../../../Engine/Plugins/Animation/ControlRig/Content/Controls/ControlRig_Octagon_solid.uexp" 445
"../../../Engine/Plugins/Animation/ControlRig/Content/Controls/ControlRig_Pyramid_1mm.uasset" 446
"../../../Engine/Plugins/Animation/ControlRig/Content/Controls/ControlRig_Pyramid_1mm.uexp" 447
"../../../Engine/Plugins/Interchange/Assets/Content/Substrate/MX_SimpleVolume.uasset" 448
"../../../Engine/Plugins/Interchange/Assets/Content/Substrate/MX_SimpleVolume.uexp" 449
"../../../Engine/Plugins/Animation/ControlRig/Content/Controls/ControlRig_Pyramid_3mm.uasset" 450
"../../../Engine/Plugins/Animation/ControlRig/Content/Controls/ControlRig_Pyramid_3mm.uexp" 451
"../../../Engine/Plugins/Animation/ControlRig/Content/Controls/ControlRig_Pyramid_solid.uasset" 452
"../../../Engine/Plugins/Animation/ControlRig/Content/Controls/ControlRig_Pyramid_solid.uexp" 453
"../../../Engine/Content/EngineMaterials/DefaultPostProcessMaterial.uasset" 454
"../../../Engine/Content/EngineMaterials/DefaultPostProcessMaterial.uexp" 455
"../../../Engine/Content/EngineFonts/RobotoDistanceField.uasset" 456
"../../../Engine/Content/EngineFonts/RobotoDistanceField.uexp" 457
"../../../Engine/Content/EngineMaterials/DefaultTextMaterialOpaque.uasset" 458
"../../../Engine/Content/EngineMaterials/DefaultTextMaterialOpaque.uexp" 459
"../../../Engine/Plugins/Animation/ControlRig/Content/Controls/ControlRig_QuarterCircle_1mm.uasset" 460
"../../../Engine/Plugins/Animation/ControlRig/Content/Controls/ControlRig_QuarterCircle_1mm.uexp" 461
"../../../Engine/Plugins/Animation/ControlRig/Content/Controls/ControlRig_QuarterCircle_3mm.uasset" 462
"../../../Engine/Plugins/Animation/ControlRig/Content/Controls/ControlRig_QuarterCircle_3mm.uexp" 463
"../../../Engine/Content/EngineMaterials/DefaultWhiteGrid.ubulk" 464
"../../../Engine/Content/EngineMaterials/DefaultWhiteGrid.uasset" 465
"../../../Engine/Content/EngineMaterials/DefaultWhiteGrid.uexp" 466
"../../../Engine/Content/EngineSky/M_SimpleSkyDome.uasset" 467
"../../../Engine/Content/EngineSky/M_SimpleSkyDome.uexp" 468
"../../../Engine/Plugins/Animation/ControlRig/Content/Controls/ControlRig_QuarterCircle_solid.uasset" 469
"../../../Engine/Plugins/Animation/ControlRig/Content/Controls/ControlRig_QuarterCircle_solid.uexp" 470
"../../../Engine/Plugins/Animation/ControlRig/Content/Controls/ControlRig_RoundedSquare_1mm.uasset" 471
"../../../Engine/Plugins/Animation/ControlRig/Content/Controls/ControlRig_RoundedSquare_1mm.uexp" 472
"../../../Engine/Content/EngineSky/T_Sky_Blue.ubulk" 473
"../../../Engine/Content/EngineSky/T_Sky_Blue.uasset" 474
"../../../Engine/Content/EngineSky/T_Sky_Blue.uexp" 475
"../../../Engine/Content/EngineSky/T_Sky_Clouds_M.ubulk" 476
"../../../Engine/Content/EngineSky/T_Sky_Clouds_M.uasset" 477
"../../../Engine/Content/EngineSky/T_Sky_Clouds_M.uexp" 478
"../../../Engine/Content/EngineSky/T_Sky_Stars.ubulk" 479
"../../../Engine/Content/EngineSky/T_Sky_Stars.uasset" 480
"../../../Engine/Content/EngineSky/T_Sky_Stars.uexp" 481
"../../../Engine/Content/EngineSky/M_Sky_Panning_Clouds2.uasset" 482
"../../../Engine/Content/EngineSky/M_Sky_Panning_Clouds2.uexp" 483
"../../../Engine/Content/EngineSky/SM_SkySphere.uasset" 484
"../../../Engine/Content/EngineSky/SM_SkySphere.uexp" 485
"../../../Engine/Plugins/Animation/ControlRig/Content/Controls/ControlRig_RoundedSquare_3mm.uasset" 486
"../../../Engine/Plugins/Animation/ControlRig/Content/Controls/ControlRig_RoundedSquare_3mm.uexp" 487
"../../../Engine/Content/EngineMaterials/DefaultWhiteGrid_Low.uasset" 488
"../../../Engine/Content/EngineMaterials/DefaultWhiteGrid_Low.uexp" 489
"../../../Engine/Content/EngineMaterials/EmissiveMeshMaterial.uasset" 490
"../../../Engine/Content/EngineMaterials/EmissiveMeshMaterial.uexp" 491
"../../../Engine/Content/EditorResources/S_Actor.ubulk" 492
"../../../Engine/Content/EditorResources/S_Actor.uasset" 493
"../../../Engine/Content/EditorResources/S_Actor.uexp" 494
"../../../Engine/Plugins/Runtime/AudioWidgets/Content/Resources/ScrubHandleDown_Clamped.uasset" 495
"../../../Engine/Plugins/Runtime/AudioWidgets/Content/Resources/ScrubHandleDown_Clamped.uexp" 496
"../../../Engine/Plugins/Animation/ControlRig/Content/Controls/ControlRig_RoundedSquare_solid.uasset" 497
"../../../Engine/Plugins/Animation/ControlRig/Content/Controls/ControlRig_RoundedSquare_solid.uexp" 498
"../../../Engine/Plugins/Animation/ControlRig/Content/Controls/ControlRig_RoundedTriangle_1mm.uasset" 499
"../../../Engine/Plugins/Animation/ControlRig/Content/Controls/ControlRig_RoundedTriangle_1mm.uexp" 500
"../../../Engine/Content/EngineMaterials/FastBlueNoise_scalar_128x128x64.uasset" 501
"../../../Engine/Content/EngineMaterials/FastBlueNoise_scalar_128x128x64.uexp" 502
"../../../Engine/Content/EditorResources/S_BoxReflectionCapture.uasset" 503
"../../../Engine/Content/EditorResources/S_BoxReflectionCapture.uexp" 504
"../../../Engine/Plugins/Animation/ControlRig/Content/Controls/ControlRig_RoundedTriangle_3mm.uasset" 505
"../../../Engine/Plugins/Animation/ControlRig/Content/Controls/ControlRig_RoundedTriangle_3mm.uexp" 506
"../../../Engine/Content/EngineMaterials/FastBlueNoise_scalar_128x128x8.uasset" 507
"../../../Engine/Content/EngineMaterials/FastBlueNoise_scalar_128x128x8.uexp" 508
"../../../Engine/Plugins/Animation/ControlRig/Content/Controls/ControlRig_RoundedTriangle_solid.uasset" 509
"../../../Engine/Plugins/Animation/ControlRig/Content/Controls/ControlRig_RoundedTriangle_solid.uexp" 510
"../../../Engine/Content/EngineMaterials/FastBlueNoise_vec2_128x128x64.uasset" 511
"../../../Engine/Content/EngineMaterials/FastBlueNoise_vec2_128x128x64.uexp" 512
"../../../Engine/Plugins/Animation/ControlRig/Content/Controls/ControlRig_Sphere_1mm.uasset" 513
"../../../Engine/Plugins/Animation/ControlRig/Content/Controls/ControlRig_Sphere_1mm.uexp" 514
"../../../Engine/Plugins/Animation/ControlRig/Content/Controls/ControlRig_Sphere_3mm.uasset" 515
"../../../Engine/Plugins/Animation/ControlRig/Content/Controls/ControlRig_Sphere_3mm.uexp" 516
"../../../Engine/Content/EngineMaterials/BaseFlattenDiffuseMap.uasset" 517
"../../../Engine/Content/EngineMaterials/BaseFlattenDiffuseMap.uexp" 518
"../../../Engine/Content/EngineMaterials/BaseFlattenEmissiveMap.uasset" 519
"../../../Engine/Content/EngineMaterials/BaseFlattenEmissiveMap.uexp" 520
"../../../Engine/Content/EngineMaterials/BaseFlattenGrayscaleMap.uasset" 521
"../../../Engine/Content/EngineMaterials/BaseFlattenGrayscaleMap.uexp" 522
"../../../Engine/Content/EngineMaterials/BaseFlattenLinearColor.uasset" 523
"../../../Engine/Content/EngineMaterials/BaseFlattenLinearColor.uexp" 524
"../../../Engine/Content/EngineMaterials/BaseFlattenNormalMap.uasset" 525
"../../../Engine/Content/EngineMaterials/BaseFlattenNormalMap.uexp" 526
"../../../Engine/Content/Functions/Engine_MaterialFunctions02/PivotPainter2/Black_1x1_EXR_Texture.uasset" 527
"../../../Engine/Content/Functions/Engine_MaterialFunctions02/PivotPainter2/Black_1x1_EXR_Texture.uexp" 528
"../../../Engine/Content/EngineMaterials/FlattenMaterial.uasset" 529
"../../../Engine/Content/EngineMaterials/FlattenMaterial.uexp" 530
"../../../Engine/Content/EngineMaterials/BaseFlattenDiffuseMap_VT.ubulk" 531
"../../../Engine/Content/EngineMaterials/BaseFlattenDiffuseMap_VT.uasset" 532
"../../../Engine/Content/EngineMaterials/BaseFlattenDiffuseMap_VT.uexp" 533
"../../../Engine/Content/EngineMaterials/BaseFlattenEmissiveMap_VT.ubulk" 534
"../../../Engine/Content/EngineMaterials/BaseFlattenEmissiveMap_VT.uasset" 535
"../../../Engine/Content/EngineMaterials/BaseFlattenEmissiveMap_VT.uexp" 536
"../../../Engine/Content/EngineMaterials/BaseFlattenGrayscaleMap_VT.ubulk" 537
"../../../Engine/Content/EngineMaterials/BaseFlattenGrayscaleMap_VT.uasset" 538
"../../../Engine/Content/EngineMaterials/BaseFlattenGrayscaleMap_VT.uexp" 539
"../../../Engine/Content/EngineMaterials/BaseFlattenLinearColor_VT.ubulk" 540
"../../../Engine/Content/EngineMaterials/BaseFlattenLinearColor_VT.uasset" 541
"../../../Engine/Content/EngineMaterials/BaseFlattenLinearColor_VT.uexp" 542
"../../../Engine/Content/EngineMaterials/BaseFlattenNormalMap_VT.ubulk" 543
"../../../Engine/Content/EngineMaterials/BaseFlattenNormalMap_VT.uasset" 544
"../../../Engine/Content/EngineMaterials/BaseFlattenNormalMap_VT.uexp" 545
"../../../Engine/Content/EngineMaterials/Black_1x1_EXR_Texture_VT.ubulk" 546
"../../../Engine/Content/EngineMaterials/Black_1x1_EXR_Texture_VT.uasset" 547
"../../../Engine/Content/EngineMaterials/Black_1x1_EXR_Texture_VT.uexp" 548
"../../../Engine/Content/EngineMaterials/FlattenMaterial_VT.uasset" 549
"../../../Engine/Content/EngineMaterials/FlattenMaterial_VT.uexp" 550
"../../../Engine/Plugins/Animation/ControlRig/Content/Controls/ControlRig_Sphere_solid.uasset" 551
"../../../Engine/Plugins/Animation/ControlRig/Content/Controls/ControlRig_Sphere_solid.uexp" 552
"../../../Engine/Content/EngineMaterials/FlattenMaterial_WS_Normal_VT.uasset" 553
"../../../Engine/Content/EngineMaterials/FlattenMaterial_WS_Normal_VT.uexp" 554
"../../../Engine/Plugins/Animation/ControlRig/Content/Controls/ControlRig_Square_1mm.uasset" 555
"../../../Engine/Plugins/Animation/ControlRig/Content/Controls/ControlRig_Square_1mm.uexp" 556
"../../../Engine/Plugins/Animation/ControlRig/Content/Controls/ControlRig_Square_3mm.uasset" 557
"../../../Engine/Plugins/Animation/ControlRig/Content/Controls/ControlRig_Square_3mm.uexp" 558
"../../../Engine/Content/EngineMaterials/GizmoMaterial.uasset" 559
"../../../Engine/Content/EngineMaterials/GizmoMaterial.uexp" 560
"../../../Engine/Plugins/Animation/ControlRig/Content/Controls/ControlRig_Square_solid.uasset" 561
"../../../Engine/Plugins/Animation/ControlRig/Content/Controls/ControlRig_Square_solid.uexp" 562
"../../../Engine/Plugins/Animation/ControlRig/Content/Controls/ControlRig_Star4_1mm.uasset" 563
"../../../Engine/Plugins/Animation/ControlRig/Content/Controls/ControlRig_Star4_1mm.uexp" 564
"../../../Engine/Plugins/Animation/ControlRig/Content/Controls/ControlRig_Star4_3mm.uasset" 565
"../../../Engine/Plugins/Animation/ControlRig/Content/Controls/ControlRig_Star4_3mm.uexp" 566
"../../../Engine/Plugins/Animation/ControlRig/Content/Controls/ControlRig_Star4_solid.uasset" 567
"../../../Engine/Plugins/Animation/ControlRig/Content/Controls/ControlRig_Star4_solid.uexp" 568
"../../../Engine/Plugins/Animation/ControlRig/Content/Controls/ControlRig_Triangle_1mm.uasset" 569
"../../../Engine/Plugins/Animation/ControlRig/Content/Controls/ControlRig_Triangle_1mm.uexp" 570
"../../../Engine/Plugins/Animation/ControlRig/Content/Controls/ControlRig_Triangle_3mm.uasset" 571
"../../../Engine/Plugins/Animation/ControlRig/Content/Controls/ControlRig_Triangle_3mm.uexp" 572
"../../../Engine/Plugins/Animation/ControlRig/Content/Controls/ControlRig_Triangle_solid.uasset" 573
"../../../Engine/Plugins/Animation/ControlRig/Content/Controls/ControlRig_Triangle_solid.uexp" 574
"../../../Engine/Plugins/Animation/ControlRig/Content/Controls/ControlRig_Wedge_1mm.uasset" 575
"../../../Engine/Plugins/Animation/ControlRig/Content/Controls/ControlRig_Wedge_1mm.uexp" 576
"../../../Engine/Content/EngineMaterials/MiniFont.uasset" 577
"../../../Engine/Content/EngineMaterials/MiniFont.uexp" 578
"../../../Engine/Plugins/Animation/ControlRig/Content/Controls/ControlRig_Wedge_3mm.uasset" 579
"../../../Engine/Plugins/Animation/ControlRig/Content/Controls/ControlRig_Wedge_3mm.uexp" 580
"../../../Engine/Plugins/Animation/ControlRig/Content/Controls/ControlRig_Wedge_solid.uasset" 581
"../../../Engine/Plugins/Animation/ControlRig/Content/Controls/ControlRig_Wedge_solid.uexp" 582
"../../../Engine/Content/EditorResources/S_Solver.ubulk" 583
"../../../Engine/Content/EditorResources/S_Solver.uasset" 584
"../../../Engine/Content/EditorResources/S_Solver.uexp" 585
"../../../Engine/Content/EditorResources/S_Terrain.ubulk" 586
"../../../Engine/Content/EditorResources/S_Terrain.uasset" 587
"../../../Engine/Content/EditorResources/S_Terrain.uexp" 588
"../../../Engine/Content/EditorResources/SequenceRecorder/Countdown.uasset" 589
"../../../Engine/Content/EditorResources/SequenceRecorder/Countdown.uexp" 590
"../../../Engine/Content/EditorResources/SequenceRecorder/RecordingIndicator.uasset" 591
"../../../Engine/Content/EditorResources/SequenceRecorder/RecordingIndicator.uexp" 592
"../../../Engine/Content/EditorResources/S_Trigger.ubulk" 593
"../../../Engine/Content/EditorResources/S_Trigger.uasset" 594
"../../../Engine/Content/EditorResources/S_Trigger.uexp" 595
"../../../Engine/Content/EditorResources/S_TriggerBox.uasset" 596
"../../../Engine/Content/EditorResources/S_TriggerBox.uexp" 597
"../../../Engine/Content/EditorResources/S_TriggerCapsule.uasset" 598
"../../../Engine/Content/EditorResources/S_TriggerCapsule.uexp" 599
"../../../Engine/Content/EditorResources/S_TriggerSphere.uasset" 600
"../../../Engine/Content/EditorResources/S_TriggerSphere.uexp" 601
"../../../Engine/Content/EditorMaterials/Dataflow/DataflowTwoSidedVertexMaterial.uasset" 602
"../../../Engine/Content/EditorMaterials/Dataflow/DataflowTwoSidedVertexMaterial.uexp" 603
"../../../Engine/Content/EditorMaterials/Dataflow/DataflowVertexMaterial.uasset" 604
"../../../Engine/Content/EditorMaterials/Dataflow/DataflowVertexMaterial.uexp" 605
"../../../Engine/Plugins/Runtime/HairStrands/Content/Materials/HairCardsDefaultMaterial.uasset" 606
"../../../Engine/Plugins/Runtime/HairStrands/Content/Materials/HairCardsDefaultMaterial.uexp" 607
"../../../Engine/Content/Functions/Engine_MaterialFunctions02/Utility/MakeFloat2.uasset" 608
"../../../Engine/Content/Functions/Engine_MaterialFunctions02/Utility/MakeFloat2.uexp" 609
"../../../Engine/Content/EngineMaterials/HairColorMap.uasset" 610
"../../../Engine/Content/EngineMaterials/HairColorMap.uexp" 611
"../../../Engine/Content/EngineMaterials/HairDebugColor.uasset" 612
"../../../Engine/Content/EngineMaterials/HairDebugColor.uexp" 613
"../../../Engine/Plugins/Runtime/HairStrands/Content/Materials/HairGroupColors.uasset" 614
"../../../Engine/Plugins/Runtime/HairStrands/Content/Materials/HairGroupColors.uexp" 615
"../../../Engine/Plugins/Runtime/HairStrands/Content/Materials/HairDebugMaterial.uasset" 616
"../../../Engine/Plugins/Runtime/HairStrands/Content/Materials/HairDebugMaterial.uexp" 617
"../../../Engine/Content/EngineMaterials/EnergyConservation/Diffuse_Energy.uasset" 618
"../../../Engine/Content/EngineMaterials/EnergyConservation/Diffuse_Energy.uexp" 619
"../../../Engine/Content/EngineMaterials/EnergyConservation/GGX_ReflectionEnergy.uasset" 620
"../../../Engine/Content/EngineMaterials/EnergyConservation/GGX_ReflectionEnergy.uexp" 621
"../../../Engine/Plugins/Runtime/HairStrands/Content/Materials/HairDefaultMaterial.uasset" 622
"../../../Engine/Plugins/Runtime/HairStrands/Content/Materials/HairDefaultMaterial.uexp" 623
"../../../Engine/Content/EngineMaterials/EnergyConservation/GGX_TransmissionEnergyArray.uasset" 624
"../../../Engine/Content/EngineMaterials/EnergyConservation/GGX_TransmissionEnergyArray.uexp" 625
"../../../Engine/Content/EngineMaterials/EnergyConservation/SheenLegacy_Energy.uasset" 626
"../../../Engine/Content/EngineMaterials/EnergyConservation/SheenLegacy_Energy.uexp" 627
"../../../Engine/Content/EngineMaterials/EnergyConservation/Sheen_Energy.uasset" 628
"../../../Engine/Content/EngineMaterials/EnergyConservation/Sheen_Energy.uexp" 629
"../../../Engine/Content/EngineMaterials/LTC/GGX_LTCAmp.uasset" 630
"../../../Engine/Content/EngineMaterials/LTC/GGX_LTCAmp.uexp" 631
"../../../Engine/Content/EngineMaterials/LTC/GGX_LTCMat.uasset" 632
"../../../Engine/Content/EngineMaterials/LTC/GGX_LTCMat.uexp" 633
"../../../Engine/Content/EngineMaterials/LTC/Sheen_LTC.uasset" 634
"../../../Engine/Content/EngineMaterials/LTC/Sheen_LTC.uexp" 635
"../../../Engine/Plugins/Runtime/HairStrands/Content/Materials/HairMeshesDefaultMaterial.uasset" 636
"../../../Engine/Plugins/Runtime/HairStrands/Content/Materials/HairMeshesDefaultMaterial.uexp" 637
"../../../Engine/Content/EngineResources/Development/ZenLogo_64.uasset" 638
"../../../Engine/Content/EngineResources/Development/ZenLogo_64.uexp" 639
"../../../Engine/Content/EngineResources/FilmGrains/Marcie_Grain_v3_128_M2_000.uasset" 640
"../../../Engine/Content/EngineResources/FilmGrains/Marcie_Grain_v3_128_M2_000.uexp" 641
"C:/Unreal Projects/IT_Learns/Content/BluePrints/BP_GameInstance.uasset" 642
"C:/Unreal Projects/IT_Learns/Content/BluePrints/BP_GameInstance.uexp" 643
"../../../Engine/Content/Functions/Engine_MaterialFunctions02/Utility/BreakOutFloat4Components.uasset" 644
"../../../Engine/Content/Functions/Engine_MaterialFunctions02/Utility/BreakOutFloat4Components.uexp" 645
"../../../Engine/Content/Functions/Engine_MaterialFunctions02/Utility/MakeFloat4.uasset" 646
"../../../Engine/Content/Functions/Engine_MaterialFunctions02/Utility/MakeFloat4.uexp" 647
"../../../Engine/Content/EngineResources/DefaultVolumeTexture2D.uasset" 648
"../../../Engine/Content/EngineResources/DefaultVolumeTexture2D.uexp" 649
"../../../Engine/Content/EngineResources/DefaultVolumeTexture.uasset" 650
"../../../Engine/Content/EngineResources/DefaultVolumeTexture.uexp" 651
"../../../Engine/Content/EngineSky/VolumetricClouds/VT_Lightning.uasset" 652
"../../../Engine/Content/EngineSky/VolumetricClouds/VT_Lightning.uexp" 653
"../../../Engine/Content/Functions/Engine_MaterialFunctions01/Units/Km-to-Cm.uasset" 654
"../../../Engine/Content/Functions/Engine_MaterialFunctions01/Units/Km-to-Cm.uexp" 655
"../../../Engine/Content/EngineSky/VolumetricClouds/m_SimpleVolumetricCloud.uasset" 656
"../../../Engine/Content/EngineSky/VolumetricClouds/m_SimpleVolumetricCloud.uexp" 657
"../../../Engine/Content/EngineSky/VolumetricClouds/T_CloudMask.ubulk" 658
"../../../Engine/Content/EngineSky/VolumetricClouds/T_CloudMask.uasset" 659
"../../../Engine/Content/EngineSky/VolumetricClouds/T_CloudMask.uexp" 660
"../../../Engine/Content/EngineSky/VolumetricClouds/T_CloudPattern.ubulk" 661
"../../../Engine/Content/EngineSky/VolumetricClouds/T_CloudPattern.uasset" 662
"../../../Engine/Content/EngineSky/VolumetricClouds/T_CloudPattern.uexp" 663
"../../../Engine/Content/EngineSky/VolumetricClouds/T_Profile_08.ubulk" 664
"../../../Engine/Content/EngineSky/VolumetricClouds/T_Profile_08.uasset" 665
"../../../Engine/Content/EngineSky/VolumetricClouds/T_Profile_08.uexp" 666
"../../../Engine/Content/EngineSky/VolumetricClouds/VT_PerlinWorley_Balanced.uasset" 667
"../../../Engine/Content/EngineSky/VolumetricClouds/VT_PerlinWorley_Balanced.uexp" 668
"../../../Engine/Content/EngineSky/VolumetricClouds/m_SimpleVolumetricCloud_Inst.uasset" 669
"../../../Engine/Content/EngineSky/VolumetricClouds/m_SimpleVolumetricCloud_Inst.uexp" 670
"C:/Unreal Projects/IT_Learns/Content/LevelPrototyping/Materials/M_FlatCol.uasset" 671
"C:/Unreal Projects/IT_Learns/Content/LevelPrototyping/Materials/M_FlatCol.uexp" 672
"C:/Unreal Projects/IT_Learns/Content/LevelPrototyping/Materials/MI_DefaultColorway.uasset" 673
"C:/Unreal Projects/IT_Learns/Content/LevelPrototyping/Materials/MI_DefaultColorway.uexp" 674
"C:/Unreal Projects/IT_Learns/Content/FirstPerson/MI_FirstPersonColorway.uasset" 675
"C:/Unreal Projects/IT_Learns/Content/FirstPerson/MI_FirstPersonColorway.uexp" 676
"../../../Engine/Content/EditorMaterials/ParticleSystems/PSysThumbnail_NoImage.ubulk" 677
"../../../Engine/Content/EditorMaterials/ParticleSystems/PSysThumbnail_NoImage.uasset" 678
"../../../Engine/Content/EditorMaterials/ParticleSystems/PSysThumbnail_NoImage.uexp" 679
"../../../Engine/Content/EditorMaterials/ParticleSystems/PSysThumbnail_OOD.ubulk" 680
"../../../Engine/Content/EditorMaterials/ParticleSystems/PSysThumbnail_OOD.uasset" 681
"../../../Engine/Content/EditorMaterials/ParticleSystems/PSysThumbnail_OOD.uexp" 682
"../../../Engine/Content/VREditor/TransformGizmo/BoundingBoxCorner.uasset" 683
"../../../Engine/Content/VREditor/TransformGizmo/BoundingBoxCorner.uexp" 684
"../../../Engine/Content/VREditor/TransformGizmo/BoundingBoxEdge.uasset" 685
"../../../Engine/Content/VREditor/TransformGizmo/BoundingBoxEdge.uexp" 686
"../../../Engine/Content/EditorMaterials/Camera/CineMat.uasset" 687
"../../../Engine/Content/EditorMaterials/Camera/CineMat.uexp" 688
"../../../Engine/Content/EditorMaterials/Camera/MI_CineMat_Rig.uasset" 689
"../../../Engine/Content/EditorMaterials/Camera/MI_CineMat_Rig.uexp" 690
"../../../Engine/Content/EditorMeshes/Camera/SM_CraneRig_Arm.uasset" 691
"../../../Engine/Content/EditorMeshes/Camera/SM_CraneRig_Arm.uexp" 692
"../../../Engine/Content/EditorMeshes/Camera/SM_CraneRig_Base.uasset" 693
"../../../Engine/Content/EditorMeshes/Camera/SM_CraneRig_Base.uexp" 694
"../../../Engine/Content/EditorMeshes/Camera/SM_CraneRig_Body.uasset" 695
"../../../Engine/Content/EditorMeshes/Camera/SM_CraneRig_Body.uexp" 696
"../../../Engine/Content/EditorMeshes/Camera/SM_CraneRig_Mount.uasset" 697
"../../../Engine/Content/EditorMeshes/Camera/SM_CraneRig_Mount.uexp" 698
"../../../Engine/Content/EditorMeshes/Camera/SM_RailRig_Mount.uasset" 699
"../../../Engine/Content/EditorMeshes/Camera/SM_RailRig_Mount.uexp" 700
"../../../Engine/Content/EditorMeshes/Camera/SM_RailRig_Track.uasset" 701
"../../../Engine/Content/EditorMeshes/Camera/SM_RailRig_Track.uexp" 702
"../../../Engine/Content/Functions/Engine_MaterialFunctions02/Utility/VectorLength.uasset" 703
"../../../Engine/Content/Functions/Engine_MaterialFunctions02/Utility/VectorLength.uexp" 704
"../../../Engine/Plugins/Experimental/MeshModelingToolsetExp/Content/Materials/GetDisplacementVectorForDepthBias.uasset" 705
"../../../Engine/Plugins/Experimental/MeshModelingToolsetExp/Content/Materials/GetDisplacementVectorForDepthBias.uexp" 706
"../../../Engine/Content/Functions/Engine_MaterialFunctions03/Viewport/MF_OrthoWidth.uasset" 707
"../../../Engine/Content/Functions/Engine_MaterialFunctions03/Viewport/MF_OrthoWidth.uexp" 708
"../../../Engine/Content/Functions/Engine_MaterialFunctions02/Utility/FOV.uasset" 709
"../../../Engine/Content/Functions/Engine_MaterialFunctions02/Utility/FOV.uexp" 710
"../../../Engine/Content/Functions/Engine_MaterialFunctions02/WorldPositionOffset/V2/ObjectScale.uasset" 711
"../../../Engine/Content/Functions/Engine_MaterialFunctions02/WorldPositionOffset/V2/ObjectScale.uexp" 712
"../../../Engine/Plugins/Experimental/MeshModelingToolsetExp/Content/Materials/PointSetOverlaidComponentMaterial.uasset" 713
"../../../Engine/Plugins/Experimental/MeshModelingToolsetExp/Content/Materials/PointSetOverlaidComponentMaterial.uexp" 714
"../../../Engine/Content/ArtTools/RenderToTexture/Meshes/S_1_Unit_Plane.uasset" 715
"../../../Engine/Content/ArtTools/RenderToTexture/Meshes/S_1_Unit_Plane.uexp" 716
"../../../Engine/Content/Functions/Engine_MaterialFunctions03/Math/RemapValueRange.uasset" 717
"../../../Engine/Content/Functions/Engine_MaterialFunctions03/Math/RemapValueRange.uexp" 718
"../../../Engine/Content/Functions/Engine_MaterialFunctions01/Gradient/LinearGradient.uasset" 719
"../../../Engine/Content/Functions/Engine_MaterialFunctions01/Gradient/LinearGradient.uexp" 720
"../../../Engine/Content/Functions/Engine_MaterialFunctions01/ImageAdjustment/CheapContrast.uasset" 721
"../../../Engine/Content/Functions/Engine_MaterialFunctions01/ImageAdjustment/CheapContrast.uexp" 722
"C:/Unreal Projects/IT_Learns/Content/LevelPrototyping/Textures/T_GridChecker_A.ubulk" 723
"C:/Unreal Projects/IT_Learns/Content/LevelPrototyping/Textures/T_GridChecker_A.uasset" 724
"C:/Unreal Projects/IT_Learns/Content/LevelPrototyping/Textures/T_GridChecker_A.uexp" 725
"C:/Unreal Projects/IT_Learns/Content/LevelPrototyping/Materials/MF_ProcGrid.uasset" 726
"C:/Unreal Projects/IT_Learns/Content/LevelPrototyping/Materials/MF_ProcGrid.uexp" 727
"C:/Unreal Projects/IT_Learns/Content/LevelPrototyping/Materials/M_PrototypeGrid.uasset" 728
"C:/Unreal Projects/IT_Learns/Content/LevelPrototyping/Materials/M_PrototypeGrid.uexp" 729
"C:/Unreal Projects/IT_Learns/Content/LevelPrototyping/Materials/MI_PrototypeGrid_Gray.uasset" 730
"C:/Unreal Projects/IT_Learns/Content/LevelPrototyping/Materials/MI_PrototypeGrid_Gray.uexp" 731
"C:/Unreal Projects/IT_Learns/Content/LevelPrototyping/Meshes/SM_Cube.uasset" 732
"C:/Unreal Projects/IT_Learns/Content/LevelPrototyping/Meshes/SM_Cube.uexp" 733
"C:/Unreal Projects/IT_Learns/Content/LevelPrototyping/Meshes/SM_Cylinder.uasset" 734
"C:/Unreal Projects/IT_Learns/Content/LevelPrototyping/Meshes/SM_Cylinder.uexp" 735
"../../../Engine/Content/EngineMaterials/Substrate/GLints/AGlintTex2dArray.uasset" 736
"../../../Engine/Content/EngineMaterials/Substrate/GLints/AGlintTex2dArray.uexp" 737
"../../../Engine/Content/Functions/Engine_MaterialFunctions01/Texturing/FlattenNormal.uasset" 738
"../../../Engine/Content/Functions/Engine_MaterialFunctions01/Texturing/FlattenNormal.uexp" 739
"../../../Engine/Plugins/Interchange/Assets/Content/Utilities/New_LUT.uasset" 740
"../../../Engine/Plugins/Interchange/Assets/Content/Utilities/New_LUT.uexp" 741
"../../../Engine/Plugins/Interchange/Assets/Content/Functions/MF_Iridescence.uasset" 742
"../../../Engine/Plugins/Interchange/Assets/Content/Functions/MF_Iridescence.uexp" 743
"../../../Engine/Plugins/Interchange/Assets/Content/gltf/Textures/T_White_srgb.uasset" 744
"../../../Engine/Plugins/Interchange/Assets/Content/gltf/Textures/T_White_srgb.uexp" 745
"../../../Engine/Plugins/Interchange/Assets/Content/gltf/MaterialFunctions/MF_BaseColor.uasset" 746
"../../../Engine/Plugins/Interchange/Assets/Content/gltf/MaterialFunctions/MF_BaseColor.uexp" 747
"../../../Engine/Plugins/Interchange/Assets/Content/gltf/MaterialFunctions/MF_RotateNormals_TS.uasset" 748
"../../../Engine/Plugins/Interchange/Assets/Content/gltf/MaterialFunctions/MF_RotateNormals_TS.uexp" 749
"../../../Engine/Plugins/Interchange/Assets/Content/gltf/Textures/T_Generic_N.uasset" 750
"../../../Engine/Plugins/Interchange/Assets/Content/gltf/Textures/T_Generic_N.uexp" 751
"../../../Engine/Plugins/Interchange/Assets/Content/gltf/Textures/T_White_Linear.uasset" 752
"../../../Engine/Plugins/Interchange/Assets/Content/gltf/Textures/T_White_Linear.uexp" 753
"../../../Engine/Plugins/Interchange/Assets/Content/gltf/MaterialFunctions/MF_Clearcoat.uasset" 754
"../../../Engine/Plugins/Interchange/Assets/Content/gltf/MaterialFunctions/MF_Clearcoat.uexp" 755
"../../../Engine/Plugins/Interchange/Assets/Content/gltf/MaterialFunctions/MF_Emissive.uasset" 756
"../../../Engine/Plugins/Interchange/Assets/Content/gltf/MaterialFunctions/MF_Emissive.uexp" 757
"../../../Engine/Plugins/Interchange/Assets/Content/gltf/MaterialFunctions/MF_IOR.uasset" 758
"../../../Engine/Plugins/Interchange/Assets/Content/gltf/MaterialFunctions/MF_IOR.uexp" 759
"../../../Engine/Plugins/Interchange/Assets/Content/gltf/MaterialFunctions/MF_Iridescence.uasset" 760
"../../../Engine/Plugins/Interchange/Assets/Content/gltf/MaterialFunctions/MF_Iridescence.uexp" 761
"../../../Engine/Plugins/Interchange/Assets/Content/gltf/MaterialFunctions/MF_MetallicRoughness.uasset" 762
"../../../Engine/Plugins/Interchange/Assets/Content/gltf/MaterialFunctions/MF_MetallicRoughness.uexp" 763
"../../../Engine/Plugins/Interchange/Assets/Content/gltf/MaterialFunctions/MF_ScaleNormal.uasset" 764
"../../../Engine/Plugins/Interchange/Assets/Content/gltf/MaterialFunctions/MF_ScaleNormal.uexp" 765
"../../../Engine/Plugins/Interchange/Assets/Content/gltf/MaterialFunctions/MF_Normals.uasset" 766
"../../../Engine/Plugins/Interchange/Assets/Content/gltf/MaterialFunctions/MF_Normals.uexp" 767
"../../../Engine/Plugins/Interchange/Assets/Content/gltf/MaterialFunctions/MF_Occlusion.uasset" 768
"../../../Engine/Plugins/Interchange/Assets/Content/gltf/MaterialFunctions/MF_Occlusion.uexp" 769
"../../../Engine/Plugins/Interchange/Assets/Content/gltf/MaterialFunctions/MF_Specular.uasset" 770
"../../../Engine/Plugins/Interchange/Assets/Content/gltf/MaterialFunctions/MF_Specular.uexp" 771
"../../../Engine/Plugins/Interchange/Assets/Content/gltf/Textures/T_Anisotropy_Direction_Linear.uasset" 772
"../../../Engine/Plugins/Interchange/Assets/Content/gltf/Textures/T_Anisotropy_Direction_Linear.uexp" 773
"../../../Engine/Plugins/Interchange/Assets/Content/gltf/MaterialFunctions/MF_SpecularAnisotropy.uasset" 774
"../../../Engine/Plugins/Interchange/Assets/Content/gltf/MaterialFunctions/MF_SpecularAnisotropy.uexp" 775
"../../../Engine/Plugins/Interchange/Assets/Content/gltf/MaterialFunctions/MF_RotateV2.uasset" 776
"../../../Engine/Plugins/Interchange/Assets/Content/gltf/MaterialFunctions/MF_RotateV2.uexp" 777
"../../../Engine/Plugins/Interchange/Assets/Content/gltf/MaterialFunctions/MF_TransformUVs.uasset" 778
"../../../Engine/Plugins/Interchange/Assets/Content/gltf/MaterialFunctions/MF_TransformUVs.uexp" 779
"../../../Engine/Plugins/Interchange/Assets/Content/gltf/MaterialBodies/MF_ClearCoat_Body.uasset" 780
"../../../Engine/Plugins/Interchange/Assets/Content/gltf/MaterialBodies/MF_ClearCoat_Body.uexp" 781
"../../../Engine/Plugins/Interchange/Assets/Content/gltf/M_ClearCoat.uasset" 782
"../../../Engine/Plugins/Interchange/Assets/Content/gltf/M_ClearCoat.uexp" 783
"../../../Engine/Plugins/Interchange/Assets/Content/gltf/MaterialInstances/MI_ClearCoat_Blend.uasset" 784
"../../../Engine/Plugins/Interchange/Assets/Content/gltf/MaterialInstances/MI_ClearCoat_Blend.uexp" 785
"../../../Engine/Plugins/Interchange/Assets/Content/gltf/MaterialInstances/MI_ClearCoat_Blend_DS.uasset" 786
"../../../Engine/Plugins/Interchange/Assets/Content/gltf/MaterialInstances/MI_ClearCoat_Blend_DS.uexp" 787
"../../../Engine/Plugins/Interchange/Assets/Content/gltf/MaterialInstances/MI_ClearCoat_Mask.uasset" 788
"../../../Engine/Plugins/Interchange/Assets/Content/gltf/MaterialInstances/MI_ClearCoat_Mask.uexp" 789
"../../../Engine/Plugins/Interchange/Assets/Content/gltf/MaterialInstances/MI_ClearCoat_Mask_DS.uasset" 790
"../../../Engine/Plugins/Interchange/Assets/Content/gltf/MaterialInstances/MI_ClearCoat_Mask_DS.uexp" 791
"C:/Unreal Projects/IT_Learns/Content/LevelPrototyping/Meshes/SM_QuarterCylinder.uasset" 792
"C:/Unreal Projects/IT_Learns/Content/LevelPrototyping/Meshes/SM_QuarterCylinder.uexp" 793
"../../../Engine/Plugins/Interchange/Assets/Content/gltf/MaterialInstances/MI_ClearCoat_Opaque.uasset" 794
"../../../Engine/Plugins/Interchange/Assets/Content/gltf/MaterialInstances/MI_ClearCoat_Opaque.uexp" 795
"../../../Engine/Plugins/Interchange/Assets/Content/gltf/MaterialInstances/MI_ClearCoat_Opaque_DS.uasset" 796
"../../../Engine/Plugins/Interchange/Assets/Content/gltf/MaterialInstances/MI_ClearCoat_Opaque_DS.uexp" 797
"../../../Engine/Plugins/Interchange/Assets/Content/gltf/MaterialBodies/MF_Default_Body.uasset" 798
"../../../Engine/Plugins/Interchange/Assets/Content/gltf/MaterialBodies/MF_Default_Body.uexp" 799
"../../../Engine/Plugins/Interchange/Assets/Content/gltf/M_Default.uasset" 800
"../../../Engine/Plugins/Interchange/Assets/Content/gltf/M_Default.uexp" 801
"../../../Engine/Plugins/Interchange/Assets/Content/gltf/MaterialInstances/MI_Default_Blend.uasset" 802
"../../../Engine/Plugins/Interchange/Assets/Content/gltf/MaterialInstances/MI_Default_Blend.uexp" 803
"../../../Engine/Plugins/Interchange/Assets/Content/gltf/MaterialInstances/MI_Default_Blend_DS.uasset" 804
"../../../Engine/Plugins/Interchange/Assets/Content/gltf/MaterialInstances/MI_Default_Blend_DS.uexp" 805
"../../../Engine/Plugins/Interchange/Assets/Content/gltf/MaterialInstances/MI_Default_Mask.uasset" 806
"../../../Engine/Plugins/Interchange/Assets/Content/gltf/MaterialInstances/MI_Default_Mask.uexp" 807
"../../../Engine/Plugins/Interchange/Assets/Content/gltf/MaterialInstances/MI_Default_Mask_DS.uasset" 808
"../../../Engine/Plugins/Interchange/Assets/Content/gltf/MaterialInstances/MI_Default_Mask_DS.uexp" 809
"../../../Engine/Plugins/Interchange/Assets/Content/gltf/MaterialInstances/MI_Default_Opaque.uasset" 810
"../../../Engine/Plugins/Interchange/Assets/Content/gltf/MaterialInstances/MI_Default_Opaque.uexp" 811
"../../../Engine/Plugins/Interchange/Assets/Content/gltf/MaterialInstances/MI_Default_Opaque_DS.uasset" 812
"../../../Engine/Plugins/Interchange/Assets/Content/gltf/MaterialInstances/MI_Default_Opaque_DS.uexp" 813
"../../../Engine/Plugins/Interchange/Assets/Content/gltf/MaterialFunctions/MF_Sheen.uasset" 814
"../../../Engine/Plugins/Interchange/Assets/Content/gltf/MaterialFunctions/MF_Sheen.uexp" 815
"../../../Engine/Plugins/Interchange/Assets/Content/gltf/MaterialBodies/MF_Sheen_Body.uasset" 816
"../../../Engine/Plugins/Interchange/Assets/Content/gltf/MaterialBodies/MF_Sheen_Body.uexp" 817
"../../../Engine/Plugins/Interchange/Assets/Content/gltf/M_Sheen.uasset" 818
"../../../Engine/Plugins/Interchange/Assets/Content/gltf/M_Sheen.uexp" 819
"../../../Engine/Plugins/Interchange/Assets/Content/gltf/MaterialInstances/MI_Sheen_Blend.uasset" 820
"../../../Engine/Plugins/Interchange/Assets/Content/gltf/MaterialInstances/MI_Sheen_Blend.uexp" 821
"../../../Engine/Plugins/Interchange/Assets/Content/gltf/MaterialInstances/MI_Sheen_Blend_DS.uasset" 822
"../../../Engine/Plugins/Interchange/Assets/Content/gltf/MaterialInstances/MI_Sheen_Blend_DS.uexp" 823
"C:/Unreal Projects/IT_Learns/Content/LevelPrototyping/Meshes/SM_Ramp.uasset" 824
"C:/Unreal Projects/IT_Learns/Content/LevelPrototyping/Meshes/SM_Ramp.uexp" 825
"../../../Engine/Plugins/Interchange/Assets/Content/gltf/MaterialInstances/MI_Sheen_Mask.uasset" 826
"../../../Engine/Plugins/Interchange/Assets/Content/gltf/MaterialInstances/MI_Sheen_Mask.uexp" 827
"../../../Engine/Plugins/Interchange/Assets/Content/gltf/MaterialInstances/MI_Sheen_Mask_DS.uasset" 828
"../../../Engine/Plugins/Interchange/Assets/Content/gltf/MaterialInstances/MI_Sheen_Mask_DS.uexp" 829
"../../../Engine/Plugins/Interchange/Assets/Content/gltf/MaterialInstances/MI_Sheen_Opaque.uasset" 830
"../../../Engine/Plugins/Interchange/Assets/Content/gltf/MaterialInstances/MI_Sheen_Opaque.uexp" 831
"../../../Engine/Plugins/Interchange/Assets/Content/gltf/MaterialInstances/MI_Sheen_Opaque_DS.uasset" 832
"../../../Engine/Plugins/Interchange/Assets/Content/gltf/MaterialInstances/MI_Sheen_Opaque_DS.uexp" 833
"../../../Engine/Plugins/Interchange/Assets/Content/gltf/MaterialFunctions/MF_DiffuseSpecGloss.uasset" 834
"../../../Engine/Plugins/Interchange/Assets/Content/gltf/MaterialFunctions/MF_DiffuseSpecGloss.uexp" 835
"../../../Engine/Plugins/Interchange/Assets/Content/gltf/MaterialFunctions/MF_MaxComponentValue.uasset" 836
"../../../Engine/Plugins/Interchange/Assets/Content/gltf/MaterialFunctions/MF_MaxComponentValue.uexp" 837
"../../../Engine/Content/Functions/Engine_MaterialFunctions02/Math/AddComponents.uasset" 838
"../../../Engine/Content/Functions/Engine_MaterialFunctions02/Math/AddComponents.uexp" 839
"../../../Engine/Plugins/Interchange/Assets/Content/gltf/MaterialFunctions/MF_PerceivedBrightness.uasset" 840
"../../../Engine/Plugins/Interchange/Assets/Content/gltf/MaterialFunctions/MF_PerceivedBrightness.uexp" 841
"../../../Engine/Plugins/Interchange/Assets/Content/gltf/MaterialFunctions/MF_SpecGlossToMetalRoughness.uasset" 842
"../../../Engine/Plugins/Interchange/Assets/Content/gltf/MaterialFunctions/MF_SpecGlossToMetalRoughness.uexp" 843
"../../../Engine/Plugins/Interchange/Assets/Content/gltf/MaterialBodies/MF_SpecularGlossiness_Body.uasset" 844
"../../../Engine/Plugins/Interchange/Assets/Content/gltf/MaterialBodies/MF_SpecularGlossiness_Body.uexp" 845
"../../../Engine/Plugins/Interchange/Assets/Content/gltf/M_SpecularGlossiness.uasset" 846
"../../../Engine/Plugins/Interchange/Assets/Content/gltf/M_SpecularGlossiness.uexp" 847
"../../../Engine/Plugins/Interchange/Assets/Content/gltf/MaterialInstances/MI_SpecularGlossiness_Blend.uasset" 848
"../../../Engine/Plugins/Interchange/Assets/Content/gltf/MaterialInstances/MI_SpecularGlossiness_Blend.uexp" 849
"../../../Engine/Plugins/Interchange/Assets/Content/gltf/MaterialInstances/MI_SpecularGlossiness_Blend_DS.uasset" 850
"../../../Engine/Plugins/Interchange/Assets/Content/gltf/MaterialInstances/MI_SpecularGlossiness_Blend_DS.uexp" 851
"../../../Engine/Plugins/Interchange/Assets/Content/gltf/MaterialInstances/MI_SpecularGlossiness_Mask.uasset" 852
"../../../Engine/Plugins/Interchange/Assets/Content/gltf/MaterialInstances/MI_SpecularGlossiness_Mask.uexp" 853
"../../../Engine/Plugins/Interchange/Assets/Content/gltf/MaterialInstances/MI_SpecularGlossiness_Mask_DS.uasset" 854
"../../../Engine/Plugins/Interchange/Assets/Content/gltf/MaterialInstances/MI_SpecularGlossiness_Mask_DS.uexp" 855
"../../../Engine/Plugins/Interchange/Assets/Content/gltf/MaterialInstances/MI_SpecularGlossiness_Opaque.uasset" 856
"../../../Engine/Plugins/Interchange/Assets/Content/gltf/MaterialInstances/MI_SpecularGlossiness_Opaque.uexp" 857
"../../../Engine/Plugins/Interchange/Assets/Content/gltf/MaterialInstances/MI_SpecularGlossiness_Opaque_DS.uasset" 858
"../../../Engine/Plugins/Interchange/Assets/Content/gltf/MaterialInstances/MI_SpecularGlossiness_Opaque_DS.uexp" 859
"../../../Engine/Content/EngineMaterials/Good64x64TilingNoiseHighFreq.uasset" 860
"../../../Engine/Content/EngineMaterials/Good64x64TilingNoiseHighFreq.uexp" 861
"../../../Engine/Content/Functions/Engine_MaterialFunctions02/Texturing/ScreenAlignedPixelToPixelUVs.uasset" 862
"../../../Engine/Content/Functions/Engine_MaterialFunctions02/Texturing/ScreenAlignedPixelToPixelUVs.uexp" 863
"../../../Engine/Plugins/Interchange/Assets/Content/gltf/MaterialFunctions/MF_Fresnel_DS.uasset" 864
"../../../Engine/Plugins/Interchange/Assets/Content/gltf/MaterialFunctions/MF_Fresnel_DS.uexp" 865
"../../../Engine/Plugins/Interchange/Assets/Content/gltf/MaterialFunctions/MF_Temporal_Blur.uasset" 866
"../../../Engine/Plugins/Interchange/Assets/Content/gltf/MaterialFunctions/MF_Temporal_Blur.uexp" 867
"../../../Engine/Plugins/Interchange/Assets/Content/gltf/MaterialFunctions/MF_Transmission.uasset" 868
"../../../Engine/Plugins/Interchange/Assets/Content/gltf/MaterialFunctions/MF_Transmission.uexp" 869
"../../../Engine/Plugins/Interchange/Assets/Content/gltf/MaterialBodies/MF_Transmission_Body.uasset" 870
"../../../Engine/Plugins/Interchange/Assets/Content/gltf/MaterialBodies/MF_Transmission_Body.uexp" 871
"../../../Engine/Plugins/Interchange/Assets/Content/gltf/M_Transmission.uasset" 872
"../../../Engine/Plugins/Interchange/Assets/Content/gltf/M_Transmission.uexp" 873
"../../../Engine/Plugins/Interchange/Assets/Content/gltf/MaterialInstances/MI_Transmission.uasset" 874
"../../../Engine/Plugins/Interchange/Assets/Content/gltf/MaterialInstances/MI_Transmission.uexp" 875
"../../../Engine/Plugins/Interchange/Assets/Content/gltf/MaterialInstances/MI_Transmission_DS.uasset" 876
"../../../Engine/Plugins/Interchange/Assets/Content/gltf/MaterialInstances/MI_Transmission_DS.uexp" 877
"../../../Engine/Plugins/Interchange/Assets/Content/gltf/MaterialBodies/MF_Unlit_Body.uasset" 878
"../../../Engine/Plugins/Interchange/Assets/Content/gltf/MaterialBodies/MF_Unlit_Body.uexp" 879
"../../../Engine/Plugins/Interchange/Assets/Content/gltf/M_Unlit.uasset" 880
"../../../Engine/Plugins/Interchange/Assets/Content/gltf/M_Unlit.uexp" 881
"../../../Engine/Plugins/Interchange/Assets/Content/gltf/MaterialInstances/MI_Unlit_Blend.uasset" 882
"../../../Engine/Plugins/Interchange/Assets/Content/gltf/MaterialInstances/MI_Unlit_Blend.uexp" 883
"../../../Engine/Plugins/Interchange/Assets/Content/gltf/MaterialInstances/MI_Unlit_Blend_DS.uasset" 884
"../../../Engine/Plugins/Interchange/Assets/Content/gltf/MaterialInstances/MI_Unlit_Blend_DS.uexp" 885
"../../../Engine/Plugins/Interchange/Assets/Content/gltf/MaterialInstances/MI_Unlit_Mask.uasset" 886
"../../../Engine/Plugins/Interchange/Assets/Content/gltf/MaterialInstances/MI_Unlit_Mask.uexp" 887
"../../../Engine/Plugins/Interchange/Assets/Content/gltf/MaterialInstances/MI_Unlit_Mask_DS.uasset" 888
"../../../Engine/Plugins/Interchange/Assets/Content/gltf/MaterialInstances/MI_Unlit_Mask_DS.uexp" 889
"../../../Engine/Plugins/Interchange/Assets/Content/gltf/MaterialInstances/MI_Unlit_Opaque.uasset" 890
"../../../Engine/Plugins/Interchange/Assets/Content/gltf/MaterialInstances/MI_Unlit_Opaque.uexp" 891
"../../../Engine/Plugins/Interchange/Assets/Content/gltf/MaterialInstances/MI_Unlit_Opaque_DS.uasset" 892
"../../../Engine/Plugins/Interchange/Assets/Content/gltf/MaterialInstances/MI_Unlit_Opaque_DS.uexp" 893
"../../../Engine/Plugins/Animation/DeformerGraph/Content/DeformerFunctions/DG_Function_LinearBlendSkin_Morph_Cloth.uasset" 894
"../../../Engine/Plugins/Animation/DeformerGraph/Content/DeformerFunctions/DG_Function_LinearBlendSkin_Morph_Cloth.uexp" 895
"../../../Engine/Plugins/Animation/DeformerGraph/Content/Deformers/DG_LinearBlendSkin_Morph_Cloth.uasset" 896
"../../../Engine/Plugins/Animation/DeformerGraph/Content/Deformers/DG_LinearBlendSkin_Morph_Cloth.uexp" 897
"../../../Engine/Plugins/Animation/DeformerGraph/Content/DeformerFunctions/DG_Function_ComputeNormalsTangents.uasset" 898
"../../../Engine/Plugins/Animation/DeformerGraph/Content/DeformerFunctions/DG_Function_ComputeNormalsTangents.uexp" 899
"../../../Engine/Plugins/Animation/DeformerGraph/Content/DeformerFunctions/DG_Function_LinearBlendSkin_Morph_Cloth_PositionOnly.uasset" 900
"../../../Engine/Plugins/Animation/DeformerGraph/Content/DeformerFunctions/DG_Function_LinearBlendSkin_Morph_Cloth_PositionOnly.uexp" 901
"../../../Engine/Plugins/Animation/DeformerGraph/Content/Deformers/DG_LinearBlendSkin_Morph_Cloth_RecomputeNormals.uasset" 902
"../../../Engine/Plugins/Animation/DeformerGraph/Content/Deformers/DG_LinearBlendSkin_Morph_Cloth_RecomputeNormals.uexp" 903
"../../../Engine/Content/Functions/Engine_MaterialFunctions02/WorldPositionOffset/ObjectScale.uasset" 904
"../../../Engine/Content/Functions/Engine_MaterialFunctions02/WorldPositionOffset/ObjectScale.uexp" 905
"../../../Engine/Plugins/Editor/SpeedTreeImporter/Content/SpeedTree9/Empty.uasset" 906
"../../../Engine/Plugins/Editor/SpeedTreeImporter/Content/SpeedTree9/Empty.uexp" 907
"../../../Engine/Plugins/Editor/SpeedTreeImporter/Content/SpeedTree9/EmptyNormal.uasset" 908
"../../../Engine/Plugins/Editor/SpeedTreeImporter/Content/SpeedTree9/EmptyNormal.uexp" 909
"../../../Engine/Plugins/Editor/SpeedTreeImporter/Content/SpeedTree9/game_wind_noise.ubulk" 910
"../../../Engine/Plugins/Editor/SpeedTreeImporter/Content/SpeedTree9/game_wind_noise.uasset" 911
"../../../Engine/Plugins/Editor/SpeedTreeImporter/Content/SpeedTree9/game_wind_noise.uexp" 912
"../../../Engine/Plugins/Editor/SpeedTreeImporter/Content/SpeedTree9/SpeedTreeBillboard.uasset" 913
"../../../Engine/Plugins/Editor/SpeedTreeImporter/Content/SpeedTree9/SpeedTreeBillboard.uexp" 914
"../../../Engine/Content/Functions/Engine_MaterialFunctions02/SafeNormalize.uasset" 915
"../../../Engine/Content/Functions/Engine_MaterialFunctions02/SafeNormalize.uexp" 916
"../../../Engine/Plugins/Editor/SpeedTreeImporter/Content/SpeedTree9/SpeedTreeWindMotion.uasset" 917
"../../../Engine/Plugins/Editor/SpeedTreeImporter/Content/SpeedTree9/SpeedTreeWindMotion.uexp" 918
"../../../Engine/Plugins/Editor/SpeedTreeImporter/Content/SpeedTree9/UnpackDirection.uasset" 919
"../../../Engine/Plugins/Editor/SpeedTreeImporter/Content/SpeedTree9/UnpackDirection.uexp" 920
"../../../Engine/Plugins/Editor/SpeedTreeImporter/Content/SpeedTree9/UnpackInteger3.uasset" 921
"../../../Engine/Plugins/Editor/SpeedTreeImporter/Content/SpeedTree9/UnpackInteger3.uexp" 922
"../../../Engine/Plugins/Editor/SpeedTreeImporter/Content/SpeedTree9/SpeedTreeBranchMotion.uasset" 923
"../../../Engine/Plugins/Editor/SpeedTreeImporter/Content/SpeedTree9/SpeedTreeBranchMotion.uexp" 924
"../../../Engine/Content/Functions/Engine_MaterialFunctions02/ObjectLocalBounds.uasset" 925
"../../../Engine/Content/Functions/Engine_MaterialFunctions02/ObjectLocalBounds.uexp" 926
"../../../Engine/Content/Functions/Engine_MaterialFunctions02/UVs/BoundingBoxBased_0-1_UVW.uasset" 927
"../../../Engine/Content/Functions/Engine_MaterialFunctions02/UVs/BoundingBoxBased_0-1_UVW.uexp" 928
"../../../Engine/Plugins/Editor/SpeedTreeImporter/Content/SpeedTree9/SpeedTreeWind.uasset" 929
"../../../Engine/Plugins/Editor/SpeedTreeImporter/Content/SpeedTree9/SpeedTreeWind.uexp" 930
"../../../Engine/Plugins/Editor/SpeedTreeImporter/Content/SpeedTree9/SpeedTreeBillboardMaster.uasset" 931
"../../../Engine/Plugins/Editor/SpeedTreeImporter/Content/SpeedTree9/SpeedTreeBillboardMaster.uexp" 932
"../../../Engine/Plugins/Editor/SpeedTreeImporter/Content/SpeedTree9/SpeedTreeCameraFacing.uasset" 933
"../../../Engine/Plugins/Editor/SpeedTreeImporter/Content/SpeedTree9/SpeedTreeCameraFacing.uexp" 934
"../../../Engine/Plugins/Editor/SpeedTreeImporter/Content/SpeedTree9/SpeedTreeMaster.uasset" 935
"../../../Engine/Plugins/Editor/SpeedTreeImporter/Content/SpeedTree9/SpeedTreeMaster.uexp" 936
"../../../Engine/Content/EngineMaterials/Substrate/Glints2/AGlintTex2dArray2.uasset" 937
"../../../Engine/Content/EngineMaterials/Substrate/Glints2/AGlintTex2dArray2.uexp" 938
"../../../Engine/Content/Functions/Engine_MaterialFunctions01/Shading/ConvertFromDiffSpec.uasset" 939
"../../../Engine/Content/Functions/Engine_MaterialFunctions01/Shading/ConvertFromDiffSpec.uexp" 940
"../../../Engine/Content/Functions/Engine_MaterialFunctions01/Shading/PowerToRoughness.uasset" 941
"../../../Engine/Content/Functions/Engine_MaterialFunctions01/Shading/PowerToRoughness.uexp" 942
"../../../Engine/Content/EngineMaterials/Substrate/Volume/SubstrateSimpleVolumeEnvLUT3D.uasset" 943
"../../../Engine/Content/EngineMaterials/Substrate/Volume/SubstrateSimpleVolumeEnvLUT3D.uexp" 944
"../../../Engine/Content/EngineMaterials/Substrate/Volume/SubstrateSimpleVolumeLUT3D.uasset" 945
"../../../Engine/Content/EngineMaterials/Substrate/Volume/SubstrateSimpleVolumeLUT3D.uexp" 946
"C:/Unreal Projects/IT_Learns/Content/LevelPrototyping/Interactable/Door/Meshes/SM_Door.uasset" 947
"C:/Unreal Projects/IT_Learns/Content/LevelPrototyping/Interactable/Door/Meshes/SM_Door.uexp" 948
"C:/Unreal Projects/IT_Learns/Content/LevelPrototyping/Interactable/Door/Meshes/SM_DoorFrame_Corner.uasset" 949
"C:/Unreal Projects/IT_Learns/Content/LevelPrototyping/Interactable/Door/Meshes/SM_DoorFrame_Corner.uexp" 950
"C:/Unreal Projects/IT_Learns/Content/LevelPrototyping/Interactable/Door/Meshes/SM_DoorFrame_Edge.uasset" 951
"C:/Unreal Projects/IT_Learns/Content/LevelPrototyping/Interactable/Door/Meshes/SM_DoorFrame_Edge.uexp" 952
"C:/Unreal Projects/IT_Learns/Content/LevelPrototyping/Interactable/Door/BP_DoorFrame.uasset" 953
"C:/Unreal Projects/IT_Learns/Content/LevelPrototyping/Interactable/Door/BP_DoorFrame.uexp" 954
"../../../Engine/Content/BasicShapes/Cylinder.uasset" 955
"../../../Engine/Content/BasicShapes/Cylinder.uexp" 956
"../../../Engine/Content/BasicShapes/BasicShapeMaterial.uasset" 957
"../../../Engine/Content/BasicShapes/BasicShapeMaterial.uexp" 958
"../../../Engine/Content/EngineLightProfiles/Complex_IES.uasset" 959
"../../../Engine/Content/EngineLightProfiles/Complex_IES.uexp" 960
"../../../Engine/Content/Functions/Engine_MaterialFunctions01/Density/ExponentialDensity.uasset" 961
"../../../Engine/Content/Functions/Engine_MaterialFunctions01/Density/ExponentialDensity.uexp" 962
"../../../Engine/Content/Functions/Engine_MaterialFunctions01/Gradient/RadialGradientExponential.uasset" 963
"../../../Engine/Content/Functions/Engine_MaterialFunctions01/Gradient/RadialGradientExponential.uexp" 964
"C:/Unreal Projects/IT_Learns/Content/Variant_Horror/Blueprints/Light/Assets/Materials/M_DustMote.uasset" 965
"C:/Unreal Projects/IT_Learns/Content/Variant_Horror/Blueprints/Light/Assets/Materials/M_DustMote.uexp" 966
"C:/Unreal Projects/IT_Learns/Content/Variant_Horror/Blueprints/Light/Assets/NS_DustMote.uasset" 967
"C:/Unreal Projects/IT_Learns/Content/Variant_Horror/Blueprints/Light/Assets/NS_DustMote.uexp" 968
"C:/Unreal Projects/IT_Learns/Content/Variant_Horror/Blueprints/Light/Assets/Materials/LF_Flicker.uasset" 969
"C:/Unreal Projects/IT_Learns/Content/Variant_Horror/Blueprints/Light/Assets/Materials/LF_Flicker.uexp" 970
"C:/Unreal Projects/IT_Learns/Content/Variant_Horror/Blueprints/Light/Assets/Materials/MF_LightFlicker.uasset" 971
"C:/Unreal Projects/IT_Learns/Content/Variant_Horror/Blueprints/Light/Assets/Materials/MF_LightFlicker.uexp" 972
"C:/Unreal Projects/IT_Learns/Content/Variant_Horror/Blueprints/Light/Assets/Materials/M_Light.uasset" 973
"C:/Unreal Projects/IT_Learns/Content/Variant_Horror/Blueprints/Light/Assets/Materials/M_Light.uexp" 974
"C:/Unreal Projects/IT_Learns/Content/Variant_Horror/Blueprints/Light/Assets/Materials/MI_FlickeringLight.uasset" 975
"C:/Unreal Projects/IT_Learns/Content/Variant_Horror/Blueprints/Light/Assets/Materials/MI_FlickeringLight.uexp" 976
"C:/Unreal Projects/IT_Learns/Content/Variant_Horror/Blueprints/Light/Light.uasset" 977
"C:/Unreal Projects/IT_Learns/Content/Variant_Horror/Blueprints/Light/Light.uexp" 978
"C:/Unreal Projects/IT_Learns/Content/BluePrints/WBP_Menu.uasset" 979
"C:/Unreal Projects/IT_Learns/Content/BluePrints/WBP_Menu.uexp" 980
"C:/Unreal Projects/IT_Learns/Content/Maps/GameStartupMap.uexp" 981
"C:/Unreal Projects/IT_Learns/Content/Maps/GameStartupMap.umap" 982
"C:/Unreal Projects/IT_Learns/Content/Input/Actions/IA_Jump.uasset" 983
"C:/Unreal Projects/IT_Learns/Content/Input/Actions/IA_Jump.uexp" 984
"C:/Unreal Projects/IT_Learns/Content/Input/Actions/IA_Look.uasset" 985
"C:/Unreal Projects/IT_Learns/Content/Input/Actions/IA_Look.uexp" 986
"C:/Unreal Projects/IT_Learns/Content/Input/Actions/IA_Move.uasset" 987
"C:/Unreal Projects/IT_Learns/Content/Input/Actions/IA_Move.uexp" 988
"C:/Unreal Projects/IT_Learns/Content/Input/Actions/IA_MouseLook.uasset" 989
"C:/Unreal Projects/IT_Learns/Content/Input/Actions/IA_MouseLook.uexp" 990
"../../../Engine/Plugins/Animation/ControlRig/Content/Controls/DefaultGizmoLibraryNormalized.uasset" 991
"../../../Engine/Plugins/Animation/ControlRig/Content/Controls/DefaultGizmoLibraryNormalized.uexp" 992
"C:/Unreal Projects/IT_Learns/Content/FirstPerson/Anims/CtrlRig_FPWarp.uasset" 993
"C:/Unreal Projects/IT_Learns/Content/FirstPerson/Anims/CtrlRig_FPWarp.uexp" 994
"C:/Unreal Projects/IT_Learns/Content/Characters/Mannequins/Meshes/SK_Mannequin.uasset" 995
"C:/Unreal Projects/IT_Learns/Content/Characters/Mannequins/Meshes/SK_Mannequin.uexp" 996
"C:/Unreal Projects/IT_Learns/Content/FirstPerson/Anims/ABP_FP_Copy.uasset" 997
"C:/Unreal Projects/IT_Learns/Content/FirstPerson/Anims/ABP_FP_Copy.uexp" 998
"C:/Unreal Projects/IT_Learns/Content/Characters/Mannequins/Rigs/PA_Mannequin.uasset" 999
"C:/Unreal Projects/IT_Learns/Content/Characters/Mannequins/Rigs/PA_Mannequin.uexp" 1000
"C:/Unreal Projects/IT_Learns/Content/Characters/Mannequins/Textures/Manny/T_Manny_01_BN.ubulk" 1001
"C:/Unreal Projects/IT_Learns/Content/Characters/Mannequins/Textures/Manny/T_Manny_01_BN.uasset" 1002
"C:/Unreal Projects/IT_Learns/Content/Characters/Mannequins/Textures/Manny/T_Manny_01_BN.uexp" 1003
"C:/Unreal Projects/IT_Learns/Content/Characters/Mannequins/Textures/Manny/T_Manny_01_D.ubulk" 1004
"C:/Unreal Projects/IT_Learns/Content/Characters/Mannequins/Textures/Manny/T_Manny_01_D.uasset" 1005
"C:/Unreal Projects/IT_Learns/Content/Characters/Mannequins/Textures/Manny/T_Manny_01_D.uexp" 1006
"C:/Unreal Projects/IT_Learns/Content/Characters/Mannequins/Textures/Manny/T_Manny_01_MRA.ubulk" 1007
"C:/Unreal Projects/IT_Learns/Content/Characters/Mannequins/Textures/Manny/T_Manny_01_MRA.uasset" 1008
"C:/Unreal Projects/IT_Learns/Content/Characters/Mannequins/Textures/Manny/T_Manny_01_MRA.uexp" 1009
"C:/Unreal Projects/IT_Learns/Content/Characters/Mannequins/Textures/Shared/T_UE_Logo_M.uasset" 1010
"C:/Unreal Projects/IT_Learns/Content/Characters/Mannequins/Textures/Shared/T_UE_Logo_M.uexp" 1011
"C:/Unreal Projects/IT_Learns/Content/Characters/Mannequins/Materials/M_Mannequin.uasset" 1012
"C:/Unreal Projects/IT_Learns/Content/Characters/Mannequins/Materials/M_Mannequin.uexp" 1013
"C:/Unreal Projects/IT_Learns/Content/Characters/Mannequins/Materials/Manny/MI_Manny_01_New.uasset" 1014
"C:/Unreal Projects/IT_Learns/Content/Characters/Mannequins/Materials/Manny/MI_Manny_01_New.uexp" 1015
"C:/Unreal Projects/IT_Learns/Content/Characters/Mannequins/Textures/Manny/T_Manny_02_BN.ubulk" 1016
"C:/Unreal Projects/IT_Learns/Content/Characters/Mannequins/Textures/Manny/T_Manny_02_BN.uasset" 1017
"C:/Unreal Projects/IT_Learns/Content/Characters/Mannequins/Textures/Manny/T_Manny_02_BN.uexp" 1018
"C:/Unreal Projects/IT_Learns/Content/Characters/Mannequins/Textures/Manny/T_Manny_02_D.ubulk" 1019
"C:/Unreal Projects/IT_Learns/Content/Characters/Mannequins/Textures/Manny/T_Manny_02_D.uasset" 1020
"C:/Unreal Projects/IT_Learns/Content/Characters/Mannequins/Textures/Manny/T_Manny_02_D.uexp" 1021
"C:/Unreal Projects/IT_Learns/Content/Characters/Mannequins/Textures/Manny/T_Manny_02_MRA.ubulk" 1022
"C:/Unreal Projects/IT_Learns/Content/Characters/Mannequins/Textures/Manny/T_Manny_02_MRA.uasset" 1023
"C:/Unreal Projects/IT_Learns/Content/Characters/Mannequins/Textures/Manny/T_Manny_02_MRA.uexp" 1024
"C:/Unreal Projects/IT_Learns/Content/Characters/Mannequins/Materials/Manny/MI_Manny_02_New.uasset" 1025
"C:/Unreal Projects/IT_Learns/Content/Characters/Mannequins/Materials/Manny/MI_Manny_02_New.uexp" 1026
"C:/Unreal Projects/IT_Learns/Content/Characters/Mannequins/Meshes/SKM_Manny_Simple.uasset" 1027
"C:/Unreal Projects/IT_Learns/Content/Characters/Mannequins/Meshes/SKM_Manny_Simple.uexp" 1028
"C:/Unreal Projects/IT_Learns/Content/Input/Touch/BPI_TouchInterface.uasset" 1029
"C:/Unreal Projects/IT_Learns/Content/Input/Touch/BPI_TouchInterface.uexp" 1030
"../../../Engine/Content/Animation/DefaultAnimBoneCompressionSettings.uasset" 1031
"../../../Engine/Content/Animation/DefaultAnimBoneCompressionSettings.uexp" 1032
"../../../Engine/Content/Animation/DefaultAnimCurveCompressionSettings.uasset" 1033
"../../../Engine/Content/Animation/DefaultAnimCurveCompressionSettings.uexp" 1034
"../../../Engine/Content/Animation/DefaultVariableFrameStrippingSettings.uasset" 1035
"../../../Engine/Content/Animation/DefaultVariableFrameStrippingSettings.uexp" 1036
"C:/Unreal Projects/IT_Learns/Content/Characters/Mannequins/Anims/Unarmed/MM_Idle.uasset" 1037
"C:/Unreal Projects/IT_Learns/Content/Characters/Mannequins/Anims/Unarmed/MM_Idle.uexp" 1038
"C:/Unreal Projects/IT_Learns/Content/Characters/Mannequins/Anims/Unarmed/Jog/MF_Unarmed_Jog_Bwd.uasset" 1039
"C:/Unreal Projects/IT_Learns/Content/Characters/Mannequins/Anims/Unarmed/Jog/MF_Unarmed_Jog_Bwd.uexp" 1040
"../../../Engine/Plugins/Animation/ACLPlugin/Content/ACLAnimCurveCompressionSettings.uasset" 1041
"../../../Engine/Plugins/Animation/ACLPlugin/Content/ACLAnimCurveCompressionSettings.uexp" 1042
"../../../Engine/Content/Animation/DefaultRecorderBoneCompression.uasset" 1043
"../../../Engine/Content/Animation/DefaultRecorderBoneCompression.uexp" 1044
"C:/Unreal Projects/IT_Learns/Content/Characters/Mannequins/Anims/Unarmed/Jog/MF_Unarmed_Jog_Bwd_Left.uasset" 1045
"C:/Unreal Projects/IT_Learns/Content/Characters/Mannequins/Anims/Unarmed/Jog/MF_Unarmed_Jog_Bwd_Left.uexp" 1046
"C:/Unreal Projects/IT_Learns/Content/Characters/Mannequins/Anims/Unarmed/Jog/MF_Unarmed_Jog_Bwd_Right.uasset" 1047
"C:/Unreal Projects/IT_Learns/Content/Characters/Mannequins/Anims/Unarmed/Jog/MF_Unarmed_Jog_Bwd_Right.uexp" 1048
"C:/Unreal Projects/IT_Learns/Content/Characters/Mannequins/Anims/Unarmed/Jog/MF_Unarmed_Jog_Fwd.uasset" 1049
"C:/Unreal Projects/IT_Learns/Content/Characters/Mannequins/Anims/Unarmed/Jog/MF_Unarmed_Jog_Fwd.uexp" 1050
"C:/Unreal Projects/IT_Learns/Content/Characters/Mannequins/Anims/Unarmed/Jog/MF_Unarmed_Jog_Fwd_Left.uasset" 1051
"C:/Unreal Projects/IT_Learns/Content/Characters/Mannequins/Anims/Unarmed/Jog/MF_Unarmed_Jog_Fwd_Left.uexp" 1052
"C:/Unreal Projects/IT_Learns/Content/Characters/Mannequins/Anims/Unarmed/Jog/MF_Unarmed_Jog_Fwd_Right.uasset" 1053
"C:/Unreal Projects/IT_Learns/Content/Characters/Mannequins/Anims/Unarmed/Jog/MF_Unarmed_Jog_Fwd_Right.uexp" 1054
"C:/Unreal Projects/IT_Learns/Content/Characters/Mannequins/Anims/Unarmed/Jog/MF_Unarmed_Jog_Left.uasset" 1055
"C:/Unreal Projects/IT_Learns/Content/Characters/Mannequins/Anims/Unarmed/Jog/MF_Unarmed_Jog_Left.uexp" 1056
"C:/Unreal Projects/IT_Learns/Content/Characters/Mannequins/Anims/Unarmed/Jog/MF_Unarmed_Jog_Right.uasset" 1057
"C:/Unreal Projects/IT_Learns/Content/Characters/Mannequins/Anims/Unarmed/Jog/MF_Unarmed_Jog_Right.uexp" 1058
"C:/Unreal Projects/IT_Learns/Content/Characters/Mannequins/Anims/Unarmed/Walk/MF_Unarmed_Walk_Bwd.uasset" 1059
"C:/Unreal Projects/IT_Learns/Content/Characters/Mannequins/Anims/Unarmed/Walk/MF_Unarmed_Walk_Bwd.uexp" 1060
"C:/Unreal Projects/IT_Learns/Content/Characters/Mannequins/Anims/Unarmed/Walk/MF_Unarmed_Walk_Bwd_Left.uasset" 1061
"C:/Unreal Projects/IT_Learns/Content/Characters/Mannequins/Anims/Unarmed/Walk/MF_Unarmed_Walk_Bwd_Left.uexp" 1062
"C:/Unreal Projects/IT_Learns/Content/Characters/Mannequins/Anims/Unarmed/Walk/MF_Unarmed_Walk_Bwd_Right.uasset" 1063
"C:/Unreal Projects/IT_Learns/Content/Characters/Mannequins/Anims/Unarmed/Walk/MF_Unarmed_Walk_Bwd_Right.uexp" 1064
"C:/Unreal Projects/IT_Learns/Content/Characters/Mannequins/Anims/Unarmed/Walk/MF_Unarmed_Walk_Fwd.uasset" 1065
"C:/Unreal Projects/IT_Learns/Content/Characters/Mannequins/Anims/Unarmed/Walk/MF_Unarmed_Walk_Fwd.uexp" 1066
"C:/Unreal Projects/IT_Learns/Content/Characters/Mannequins/Anims/Unarmed/Walk/MF_Unarmed_Walk_Fwd_Left.uasset" 1067
"C:/Unreal Projects/IT_Learns/Content/Characters/Mannequins/Anims/Unarmed/Walk/MF_Unarmed_Walk_Fwd_Left.uexp" 1068
"C:/Unreal Projects/IT_Learns/Content/Characters/Mannequins/Anims/Unarmed/Walk/MF_Unarmed_Walk_Fwd_Right.uasset" 1069
"C:/Unreal Projects/IT_Learns/Content/Characters/Mannequins/Anims/Unarmed/Walk/MF_Unarmed_Walk_Fwd_Right.uexp" 1070
"C:/Unreal Projects/IT_Learns/Content/Characters/Mannequins/Anims/Unarmed/Walk/MF_Unarmed_Walk_Left.uasset" 1071
"C:/Unreal Projects/IT_Learns/Content/Characters/Mannequins/Anims/Unarmed/Walk/MF_Unarmed_Walk_Left.uexp" 1072
"C:/Unreal Projects/IT_Learns/Content/Characters/Mannequins/Anims/Unarmed/Walk/MF_Unarmed_Walk_Right.uasset" 1073
"C:/Unreal Projects/IT_Learns/Content/Characters/Mannequins/Anims/Unarmed/Walk/MF_Unarmed_Walk_Right.uexp" 1074
"C:/Unreal Projects/IT_Learns/Content/Characters/Mannequins/Anims/Unarmed/BS_Idle_Walk_Run.uasset" 1075
"C:/Unreal Projects/IT_Learns/Content/Characters/Mannequins/Anims/Unarmed/BS_Idle_Walk_Run.uexp" 1076
"C:/Unreal Projects/IT_Learns/Content/Characters/Mannequins/Anims/Unarmed/Jump/MM_Fall_Loop.uasset" 1077
"C:/Unreal Projects/IT_Learns/Content/Characters/Mannequins/Anims/Unarmed/Jump/MM_Fall_Loop.uexp" 1078
"C:/Unreal Projects/IT_Learns/Content/Characters/Mannequins/Anims/Unarmed/Jump/MM_Jump.uasset" 1079
"C:/Unreal Projects/IT_Learns/Content/Characters/Mannequins/Anims/Unarmed/Jump/MM_Jump.uexp" 1080
"C:/Unreal Projects/IT_Learns/Content/Characters/Mannequins/Anims/Unarmed/Jump/MM_Land.uasset" 1081
"C:/Unreal Projects/IT_Learns/Content/Characters/Mannequins/Anims/Unarmed/Jump/MM_Land.uexp" 1082
"C:/Unreal Projects/IT_Learns/Content/Characters/Mannequins/Rigs/CR_Mannequin_FootIK.uasset" 1083
"C:/Unreal Projects/IT_Learns/Content/Characters/Mannequins/Rigs/CR_Mannequin_FootIK.uexp" 1084
"C:/Unreal Projects/IT_Learns/Content/Characters/Mannequins/Anims/Unarmed/ABP_Unarmed.uasset" 1085
"C:/Unreal Projects/IT_Learns/Content/Characters/Mannequins/Anims/Unarmed/ABP_Unarmed.uexp" 1086
"C:/Unreal Projects/IT_Learns/Content/Input/Touch/UI_Thumbstick.uasset" 1087
"C:/Unreal Projects/IT_Learns/Content/Input/Touch/UI_Thumbstick.uexp" 1088
"C:/Unreal Projects/IT_Learns/Content/Input/Touch/UI_TouchSimple.uasset" 1089
"C:/Unreal Projects/IT_Learns/Content/Input/Touch/UI_TouchSimple.uexp" 1090
"C:/Unreal Projects/IT_Learns/Content/Variant_Horror/Input/IA_Sprint.uasset" 1091
"C:/Unreal Projects/IT_Learns/Content/Variant_Horror/Input/IA_Sprint.uexp" 1092
"C:/Unreal Projects/IT_Learns/Content/Variant_Horror/Blueprints/BP_HorrorCharacter.uasset" 1093
"C:/Unreal Projects/IT_Learns/Content/Variant_Horror/Blueprints/BP_HorrorCharacter.uexp" 1094
"C:/Unreal Projects/IT_Learns/Content/Input/IMC_Default.uasset" 1095
"C:/Unreal Projects/IT_Learns/Content/Input/IMC_Default.uexp" 1096
"C:/Unreal Projects/IT_Learns/Content/Input/IMC_MouseLook.uasset" 1097
"C:/Unreal Projects/IT_Learns/Content/Input/IMC_MouseLook.uexp" 1098
"C:/Unreal Projects/IT_Learns/Content/Variant_Horror/Input/IMC_Horror.uasset" 1099
"C:/Unreal Projects/IT_Learns/Content/Variant_Horror/Input/IMC_Horror.uexp" 1100
"C:/Unreal Projects/IT_Learns/Content/Variant_Horror/UI/UI_Horror.uasset" 1101
"C:/Unreal Projects/IT_Learns/Content/Variant_Horror/UI/UI_Horror.uexp" 1102
"C:/Unreal Projects/IT_Learns/Content/Variant_Horror/Blueprints/BP_HorrorPlayerController.uasset" 1103
"C:/Unreal Projects/IT_Learns/Content/Variant_Horror/Blueprints/BP_HorrorPlayerController.uexp" 1104
"C:/Unreal Projects/IT_Learns/Content/Variant_Horror/Blueprints/BP_HorrorGameMode.uasset" 1105
"C:/Unreal Projects/IT_Learns/Content/Variant_Horror/Blueprints/BP_HorrorGameMode.uexp" 1106
"C:/Unreal Projects/IT_Learns/Content/Variant_Horror/Lvl_Horror.uexp" 1107
"C:/Unreal Projects/IT_Learns/Content/Variant_Horror/Lvl_Horror.umap" 1108
